
Optional file libmchp_peripheral.a not found

Optional file libmchp_peripheral_32MX250F128B.a not found
Archive member included because of file (symbol)

/Applications/microchip/xc32/v1.40/bin/bin/../../lib/gcc/pic32mx/4.8.3/../../../../pic32mx/lib/libpic32.a(memcpy.o)
                              build/pic32mx_usb_sk2_int_dyn/production/_ext/692885480/usb_device.o (memcpy)
/Applications/microchip/xc32/v1.40/bin/bin/../../lib/gcc/pic32mx/4.8.3/../../../../pic32mx/lib/libpic32.a(default-bootstrap-exception-handler.o)
                              /Applications/microchip/xc32/v1.40/bin/bin/../../lib/gcc/pic32mx/4.8.3/../../../../pic32mx/lib/./proc/32MX250F128B/crt0_mips32r2.o (_bootstrap_exception_handler)
/Applications/microchip/xc32/v1.40/bin/bin/../../lib/gcc/pic32mx/4.8.3/../../../../pic32mx/lib/libpic32.a(default-on-reset.o)
                              /Applications/microchip/xc32/v1.40/bin/bin/../../lib/gcc/pic32mx/4.8.3/../../../../pic32mx/lib/./proc/32MX250F128B/crt0_mips32r2.o (_on_reset)
/Applications/microchip/xc32/v1.40/bin/bin/../../lib/gcc/pic32mx/4.8.3/../../../../pic32mx/lib/libpic32.a(default-on-bootstrap.o)
                              /Applications/microchip/xc32/v1.40/bin/bin/../../lib/gcc/pic32mx/4.8.3/../../../../pic32mx/lib/./proc/32MX250F128B/crt0_mips32r2.o (_on_bootstrap)
/Applications/microchip/xc32/v1.40/bin/bin/../../lib/gcc/pic32mx/4.8.3/../../../../pic32mx/lib/libpic32.a(default-nmi-handler.o)
                              /Applications/microchip/xc32/v1.40/bin/bin/../../lib/gcc/pic32mx/4.8.3/../../../../pic32mx/lib/./proc/32MX250F128B/crt0_mips32r2.o (_nmi_handler)
/Applications/microchip/xc32/v1.40/bin/bin/../../lib/gcc/pic32mx/4.8.3/../../../../pic32mx/lib/libpic32.a(general-exception.o)
                              /Applications/microchip/xc32/v1.40/bin/bin/../../lib/gcc/pic32mx/4.8.3/../../../../pic32mx/lib/./proc/32MX250F128B/crt0_mips32r2.o (_general_exception_context)
/Applications/microchip/xc32/v1.40/bin/bin/../../lib/gcc/pic32mx/4.8.3/../../../../pic32mx/lib/libpic32.a(vector0.o)
                              /Applications/microchip/xc32/v1.40/bin/bin/../../lib/gcc/pic32mx/4.8.3/../../../../pic32mx/lib/./proc/32MX250F128B/default_isr_vectors.o (__vector_dispatch_0)
/Applications/microchip/xc32/v1.40/bin/bin/../../lib/gcc/pic32mx/4.8.3/../../../../pic32mx/lib/libpic32.a(vector1.o)
                              /Applications/microchip/xc32/v1.40/bin/bin/../../lib/gcc/pic32mx/4.8.3/../../../../pic32mx/lib/./proc/32MX250F128B/default_isr_vectors.o (__vector_dispatch_1)
/Applications/microchip/xc32/v1.40/bin/bin/../../lib/gcc/pic32mx/4.8.3/../../../../pic32mx/lib/libpic32.a(vector2.o)
                              /Applications/microchip/xc32/v1.40/bin/bin/../../lib/gcc/pic32mx/4.8.3/../../../../pic32mx/lib/./proc/32MX250F128B/default_isr_vectors.o (__vector_dispatch_2)
/Applications/microchip/xc32/v1.40/bin/bin/../../lib/gcc/pic32mx/4.8.3/../../../../pic32mx/lib/libpic32.a(vector3.o)
                              /Applications/microchip/xc32/v1.40/bin/bin/../../lib/gcc/pic32mx/4.8.3/../../../../pic32mx/lib/./proc/32MX250F128B/default_isr_vectors.o (__vector_dispatch_3)
/Applications/microchip/xc32/v1.40/bin/bin/../../lib/gcc/pic32mx/4.8.3/../../../../pic32mx/lib/libpic32.a(vector4.o)
                              /Applications/microchip/xc32/v1.40/bin/bin/../../lib/gcc/pic32mx/4.8.3/../../../../pic32mx/lib/./proc/32MX250F128B/default_isr_vectors.o (__vector_dispatch_4)
/Applications/microchip/xc32/v1.40/bin/bin/../../lib/gcc/pic32mx/4.8.3/../../../../pic32mx/lib/libpic32.a(vector5.o)
                              /Applications/microchip/xc32/v1.40/bin/bin/../../lib/gcc/pic32mx/4.8.3/../../../../pic32mx/lib/./proc/32MX250F128B/default_isr_vectors.o (__vector_dispatch_5)
/Applications/microchip/xc32/v1.40/bin/bin/../../lib/gcc/pic32mx/4.8.3/../../../../pic32mx/lib/libpic32.a(vector6.o)
                              /Applications/microchip/xc32/v1.40/bin/bin/../../lib/gcc/pic32mx/4.8.3/../../../../pic32mx/lib/./proc/32MX250F128B/default_isr_vectors.o (__vector_dispatch_6)
/Applications/microchip/xc32/v1.40/bin/bin/../../lib/gcc/pic32mx/4.8.3/../../../../pic32mx/lib/libpic32.a(vector7.o)
                              /Applications/microchip/xc32/v1.40/bin/bin/../../lib/gcc/pic32mx/4.8.3/../../../../pic32mx/lib/./proc/32MX250F128B/default_isr_vectors.o (__vector_dispatch_7)
/Applications/microchip/xc32/v1.40/bin/bin/../../lib/gcc/pic32mx/4.8.3/../../../../pic32mx/lib/libpic32.a(vector8.o)
                              /Applications/microchip/xc32/v1.40/bin/bin/../../lib/gcc/pic32mx/4.8.3/../../../../pic32mx/lib/./proc/32MX250F128B/default_isr_vectors.o (__vector_dispatch_8)
/Applications/microchip/xc32/v1.40/bin/bin/../../lib/gcc/pic32mx/4.8.3/../../../../pic32mx/lib/libpic32.a(vector9.o)
[...]
Memory Configuration

Name             Origin             Length             Attributes
kseg0_program_mem 0x9d000000         0x0001f000         xr
exception_mem    0x9d01f000         0x00001000
debug_exec_mem   0x9fc00490         0x00000760
kseg0_boot_mem   0x9fc00490         0x00000000
kseg1_boot_mem   0xbfc00000         0x00000490
config3          0xbfc00bf0         0x00000004
config2          0xbfc00bf4         0x00000004
config1          0xbfc00bf8         0x00000004
config0          0xbfc00bfc         0x00000004
kseg1_data_mem   0xa0000000         0x00008000         w !x
sfrs             0xbf800000         0x00100000
configsfrs       0xbfc00bf0         0x00000010
*default*        0x00000000         0xffffffff

Linker script and memory map

LOAD /Applications/microchip/xc32/v1.40/bin/bin/../../lib/gcc/pic32mx/4.8.3/../../../../pic32mx/lib/./proc/32MX250F128B/crt0_mips32r2.o
LOAD /Applications/microchip/xc32/v1.40/bin/bin/../../lib/gcc/pic32mx/4.8.3/../../../../pic32mx/lib/debug-exception-return.o
LOAD build/pic32mx_usb_sk2_int_dyn/production/_ext/102310384/sys_clk_static.o
LOAD build/pic32mx_usb_sk2_int_dyn/production/_ext/1956551008/sys_ports_static.o
LOAD build/pic32mx_usb_sk2_int_dyn/production/_ext/1774247193/system_init.o
LOAD build/pic32mx_usb_sk2_int_dyn/production/_ext/1774247193/system_interrupt.o
LOAD build/pic32mx_usb_sk2_int_dyn/production/_ext/1774247193/system_exceptions.o
LOAD build/pic32mx_usb_sk2_int_dyn/production/_ext/1774247193/system_tasks.o
LOAD build/pic32mx_usb_sk2_int_dyn/production/_ext/1360937237/app.o
LOAD build/pic32mx_usb_sk2_int_dyn/production/_ext/1360937237/main.o
LOAD build/pic32mx_usb_sk2_int_dyn/production/_ext/1360937237/mouse.o
LOAD build/pic32mx_usb_sk2_int_dyn/production/_ext/1979166340/bsp_sys_init.o
LOAD build/pic32mx_usb_sk2_int_dyn/production/_ext/1585079243/drv_usbfs.o
LOAD build/pic32mx_usb_sk2_int_dyn/production/_ext/1585079243/drv_usbfs_device.o
LOAD build/pic32mx_usb_sk2_int_dyn/production/_ext/912498863/sys_devcon_pic32mx.o
LOAD build/pic32mx_usb_sk2_int_dyn/production/_ext/912498863/sys_devcon.o
LOAD build/pic32mx_usb_sk2_int_dyn/production/_ext/711155467/sys_int_pic32.o
LOAD build/pic32mx_usb_sk2_int_dyn/production/_ext/1653354328/sys_ports.o
LOAD build/pic32mx_usb_sk2_int_dyn/production/_ext/692885480/usb_device.o
LOAD build/pic32mx_usb_sk2_int_dyn/production/_ext/692885480/usb_device_hid.o
LOAD ../../../../../../bin/framework/peripheral/PIC32MX795F512L_peripherals.a
                0x00000001                __MPLAB_BUILD = 0x1
                0x00000000                _min_heap_size = 0x0
LOAD /Applications/microchip/xc32/v1.40/bin/bin/../../lib/gcc/pic32mx/4.8.3/../../../../pic32mx/lib/./proc/32MX250F128B/default_isr_vectors.o
LOAD /Applications/microchip/xc32/v1.40/bin/bin/../../lib/gcc/pic32mx/4.8.3/../../../../pic32mx/lib/pic32_software_reset.o
                0x00000400                PROVIDE (_min_stack_size, 0x400)
LOAD /Applications/microchip/xc32/v1.40/bin/bin/../../lib/gcc/pic32mx/4.8.3/../../../../pic32mx/lib/./proc/32MX250F128B/processor.o
START GROUP
LOAD libmchp_peripheral.a
END GROUP
START GROUP
LOAD libmchp_peripheral_32MX250F128B.a
END GROUP
                0x00000001                PROVIDE (_vector_spacing, 0x1)
                0x9d01f000                _ebase_address = 0x9d01f000
                0xbfc00000                _RESET_ADDR = 0xbfc00000
                0xbfc00380                _BEV_EXCPT_ADDR = 0xbfc00380
                0xbfc00480                _DBG_EXCPT_ADDR = 0xbfc00480
                0x9fc00490                _DBG_CODE_ADDR = 0x9fc00490
                0x00000760                _DBG_CODE_SIZE = 0x760
                0x9d01f180                _GEN_EXCPT_ADDR = (_ebase_address + 0x180)

.config_BFC00BF0
                0xbfc00bf0        0x4
 *(.config_BFC00BF0)
 .config_BFC00BF0
                0xbfc00bf0        0x4 build/pic32mx_usb_sk2_int_dyn/production/_ext/1774247193/system_init.o

.config_BFC00BF4
                0xbfc00bf4        0x4
 *(.config_BFC00BF4)
 .config_BFC00BF4
                0xbfc00bf4        0x4 build/pic32mx_usb_sk2_int_dyn/production/_ext/1774247193/system_init.o

.config_BFC00BF8
                0xbfc00bf8        0x4
 *(.config_BFC00BF8)
 .config_BFC00BF8
                0xbfc00bf8        0x4 build/pic32mx_usb_sk2_int_dyn/production/_ext/1774247193/system_init.o

.config_BFC00BFC
                0xbfc00bfc        0x4
 *(.config_BFC00BFC)
 .config_BFC00BFC
                0xbfc00bfc        0x4 build/pic32mx_usb_sk2_int_dyn/production/_ext/1774247193/system_init.o
                0xbfc02000                PROVIDE (_DBG_CODE_ADDR, 0xbfc02000)
                0x00000ff0                PROVIDE (_DBG_CODE_SIZE, 0xff0)

.reset          0xbfc00000      0x1d0
 *(.reset)
 .reset         0xbfc00000        0x8 /Applications/microchip/xc32/v1.40/bin/bin/../../lib/gcc/pic32mx/4.8.3/../../../../pic32mx/lib/./proc/32MX250F128B/crt0_mips32r2.o
                0xbfc00000                _reset
 *(.reset.startup)
 .reset.startup
                0xbfc00008      0x1c8 /Applications/microchip/xc32/v1.40/bin/bin/../../lib/gcc/pic32mx/4.8.3/../../../../pic32mx/lib/./proc/32MX250F128B/crt0_mips32r2.o

.bev_excpt      0xbfc00380       0x10
 *(.bev_handler)
 .bev_handler   0xbfc00380       0x10 /Applications/microchip/xc32/v1.40/bin/bin/../../lib/gcc/pic32mx/4.8.3/../../../../pic32mx/lib/./proc/32MX250F128B/crt0_mips32r2.o

.dbg_excpt      0xbfc00480        0x0
                0xbfc00480                . = (. + DEFINED (_DEBUGGER)?0x8:0x0)

.dbg_code       0x9fc00490        0x0
                0x9fc00490                . = (. + DEFINED (_DEBUGGER)?_DBG_CODE_SIZE:0x0)

.app_excpt      0x9d01f180       0x10
 *(.gen_handler)
 .gen_handler   0x9d01f180       0x10 /Applications/microchip/xc32/v1.40/bin/bin/../../lib/gcc/pic32mx/4.8.3/../../../../pic32mx/lib/./proc/32MX250F128B/crt0_mips32r2.o

.vector_0       0x9d01f200        0x8
 *(.vector_0)
 .vector_0      0x9d01f200        0x8 /Applications/microchip/xc32/v1.40/bin/bin/../../lib/gcc/pic32mx/4.8.3/../../../../pic32mx/lib/libpic32.a(vector0.o)
                0x9d01f200                __vector_dispatch_0
                0x00000001                ASSERT (((_vector_spacing == 0x0) || (SIZEOF (.vector_0) <= (_vector_spacing << 0x5))), function at exception vector 0 too large)

.vector_1       0x9d01f220        0x8
 *(.vector_1)
 .vector_1      0x9d01f220        0x8 /Applications/microchip/xc32/v1.40/bin/bin/../../lib/gcc/pic32mx/4.8.3/../../../../pic32mx/lib/libpic32.a(vector1.o)
                0x9d01f220                __vector_dispatch_1
                0x00000001                ASSERT (((_vector_spacing == 0x0) || (SIZEOF (.vector_1) <= (_vector_spacing << 0x5))), function at exception vector 1 too large)

.vector_2       0x9d01f240        0x8
 *(.vector_2)
 .vector_2      0x9d01f240        0x8 /Applications/microchip/xc32/v1.40/bin/bin/../../lib/gcc/pic32mx/4.8.3/../../../../pic32mx/lib/libpic32.a(vector2.o)
                0x9d01f240                __vector_dispatch_2
                0x00000001                ASSERT (((_vector_spacing == 0x0) || (SIZEOF (.vector_2) <= (_vector_spacing << 0x5))), function at exception vector 2 too large)

.vector_3       0x9d01f260        0x8
 *(.vector_3)
 .vector_3      0x9d01f260        0x8 /Applications/microchip/xc32/v1.40/bin/bin/../../lib/gcc/pic32mx/4.8.3/../../../../pic32mx/lib/libpic32.a(vector3.o)
                0x9d01f260                __vector_dispatch_3
                0x00000001                ASSERT (((_vector_spacing == 0x0) || (SIZEOF (.vector_3) <= (_vector_spacing << 0x5))), function at exception vector 3 too large)

.vector_4       0x9d01f280        0x8
 *(.vector_4)
 .vector_4      0x9d01f280        0x8 /Applications/microchip/xc32/v1.40/bin/bin/../../lib/gcc/pic32mx/4.8.3/../../../../pic32mx/lib/libpic32.a(vector4.o)
                0x9d01f280                __vector_dispatch_4
                0x00000001                ASSERT (((_vector_spacing == 0x0) || (SIZEOF (.vector_4) <= (_vector_spacing << 0x5))), function at exception vector 4 too large)

.vector_5       0x9d01f2a0        0x8
 *(.vector_5)
 .vector_5      0x9d01f2a0        0x8 /Applications/microchip/xc32/v1.40/bin/bin/../../lib/gcc/pic32mx/4.8.3/../../../../pic32mx/lib/libpic32.a(vector5.o)
                0x9d01f2a0                __vector_dispatch_5
                0x00000001                ASSERT (((_vector_spacing == 0x0) || (SIZEOF (.vector_5) <= (_vector_spacing << 0x5))), function at exception vector 5 too large)

.vector_6       0x9d01f2c0        0x8
 *(.vector_6)
 .vector_6      0x9d01f2c0        0x8 /Applications/microchip/xc32/v1.40/bin/bin/../../lib/gcc/pic32mx/4.8.3/../../../../pic32mx/lib/libpic32.a(vector6.o)
                0x9d01f2c0                __vector_dispatch_6
                0x00000001                ASSERT (((_vector_spacing == 0x0) || (SIZEOF (.vector_6) <= (_vector_spacing << 0x5))), function at exception vector 6 too large)

.vector_7       0x9d01f2e0        0x8
 *(.vector_7)
 .vector_7      0x9d01f2e0        0x8 /Applications/microchip/xc32/v1.40/bin/bin/../../lib/gcc/pic32mx/4.8.3/../../../../pic32mx/lib/libpic32.a(vector7.o)
                0x9d01f2e0                __vector_dispatch_7
                0x00000001                ASSERT (((_vector_spacing == 0x0) || (SIZEOF (.vector_7) <= (_vector_spacing << 0x5))), function at exception vector 7 too large)

.vector_8       0x9d01f300        0x8
 *(.vector_8)
 .vector_8      0x9d01f300        0x8 /Applications/microchip/xc32/v1.40/bin/bin/../../lib/gcc/pic32mx/4.8.3/../../../../pic32mx/lib/libpic32.a(vector8.o)
                0x9d01f300                __vector_dispatch_8
                0x00000001                ASSERT (((_vector_spacing == 0x0) || (SIZEOF (.vector_8) <= (_vector_spacing << 0x5))), function at exception vector 8 too large)

.vector_9       0x9d01f320        0x8
 *(.vector_9)
 .vector_9      0x9d01f320        0x8 /Applications/microchip/xc32/v1.40/bin/bin/../../lib/gcc/pic32mx/4.8.3/../../../../pic32mx/lib/libpic32.a(vector9.o)
                0x9d01f320                __vector_dispatch_9
                0x00000001                ASSERT (((_vector_spacing == 0x0) || (SIZEOF (.vector_9) <= (_vector_spacing << 0x5))), function at exception vector 9 too large)

.vector_10      0x9d01f340        0x8
 *(.vector_10)
 .vector_10     0x9d01f340        0x8 /Applications/microchip/xc32/v1.40/bin/bin/../../lib/gcc/pic32mx/4.8.3/../../../../pic32mx/lib/libpic32.a(vector10.o)
                0x9d01f340                __vector_dispatch_10
                0x00000001                ASSERT (((_vector_spacing == 0x0) || (SIZEOF (.vector_10) <= (_vector_spacing << 0x5))), function at exception vector 10 too large)

.vector_11      0x9d01f360        0x8
 *(.vector_11)
 .vector_11     0x9d01f360        0x8 /Applications/microchip/xc32/v1.40/bin/bin/../../lib/gcc/pic32mx/4.8.3/../../../../pic32mx/lib/libpic32.a(vector11.o)
                0x9d01f360                __vector_dispatch_11
                0x00000001                ASSERT (((_vector_spacing == 0x0) || (SIZEOF (.vector_11) <= (_vector_spacing << 0x5))), function at exception vector 11 too large)

.vector_12      0x9d01f380        0x8
 *(.vector_12)
 .vector_12     0x9d01f380        0x8 /Applications/microchip/xc32/v1.40/bin/bin/../../lib/gcc/pic32mx/4.8.3/../../../../pic32mx/lib/libpic32.a(vector12.o)
                0x9d01f380                __vector_dispatch_12
                0x00000001                ASSERT (((_vector_spacing == 0x0) || (SIZEOF (.vector_12) <= (_vector_spacing << 0x5))), function at exception vector 12 too large)

.vector_13      0x9d01f3a0        0x8
 *(.vector_13)
 .vector_13     0x9d01f3a0        0x8 /Applications/microchip/xc32/v1.40/bin/bin/../../lib/gcc/pic32mx/4.8.3/../../../../pic32mx/lib/libpic32.a(vector13.o)
                0x9d01f3a0                __vector_dispatch_13
                0x00000001                ASSERT (((_vector_spacing == 0x0) || (SIZEOF (.vector_13) <= (_vector_spacing << 0x5))), function at exception vector 13 too large)

.vector_14      0x9d01f3c0        0x8
 *(.vector_14)
 .vector_14     0x9d01f3c0        0x8 /Applications/microchip/xc32/v1.40/bin/bin/../../lib/gcc/pic32mx/4.8.3/../../../../pic32mx/lib/libpic32.a(vector14.o)
                0x9d01f3c0                __vector_dispatch_14
                0x00000001                ASSERT (((_vector_spacing == 0x0) || (SIZEOF (.vector_14) <= (_vector_spacing << 0x5))), function at exception vector 14 too large)

.vector_15      0x9d01f3e0        0x8
 *(.vector_15)
 .vector_15     0x9d01f3e0        0x8 /Applications/microchip/xc32/v1.40/bin/bin/../../lib/gcc/pic32mx/4.8.3/../../../../pic32mx/lib/libpic32.a(vector15.o)
                0x9d01f3e0                __vector_dispatch_15
                0x00000001                ASSERT (((_vector_spacing == 0x0) || (SIZEOF (.vector_15) <= (_vector_spacing << 0x5))), function at exception vector 15 too large)

.vector_16      0x9d01f400        0x8
 *(.vector_16)
 .vector_16     0x9d01f400        0x8 /Applications/microchip/xc32/v1.40/bin/bin/../../lib/gcc/pic32mx/4.8.3/../../../../pic32mx/lib/libpic32.a(vector16.o)
                0x9d01f400                __vector_dispatch_16
                0x00000001                ASSERT (((_vector_spacing == 0x0) || (SIZEOF (.vector_16) <= (_vector_spacing << 0x5))), function at exception vector 16 too large)

.vector_17      0x9d01f420        0x8
 *(.vector_17)
 .vector_17     0x9d01f420        0x8 /Applications/microchip/xc32/v1.40/bin/bin/../../lib/gcc/pic32mx/4.8.3/../../../../pic32mx/lib/libpic32.a(vector17.o)
                0x9d01f420                __vector_dispatch_17
                0x00000001                ASSERT (((_vector_spacing == 0x0) || (SIZEOF (.vector_17) <= (_vector_spacing << 0x5))), function at exception vector 17 too large)

.vector_18      0x9d01f440        0x8
 *(.vector_18)
 .vector_18     0x9d01f440        0x8 /Applications/microchip/xc32/v1.40/bin/bin/../../lib/gcc/pic32mx/4.8.3/../../../../pic32mx/lib/libpic32.a(vector18.o)
                0x9d01f440                __vector_dispatch_18
                0x00000001                ASSERT (((_vector_spacing == 0x0) || (SIZEOF (.vector_18) <= (_vector_spacing << 0x5))), function at exception vector 18 too large)

.vector_19      0x9d01f460        0x8
 *(.vector_19)
 .vector_19     0x9d01f460        0x8 /Applications/microchip/xc32/v1.40/bin/bin/../../lib/gcc/pic32mx/4.8.3/../../../../pic32mx/lib/libpic32.a(vector19.o)
                0x9d01f460                __vector_dispatch_19
                0x00000001                ASSERT (((_vector_spacing == 0x0) || (SIZEOF (.vector_19) <= (_vector_spacing << 0x5))), function at exception vector 19 too large)

.vector_20      0x9d01f480        0x8
 *(.vector_20)
 .vector_20     0x9d01f480        0x8 /Applications/microchip/xc32/v1.40/bin/bin/../../lib/gcc/pic32mx/4.8.3/../../../../pic32mx/lib/libpic32.a(vector20.o)
                0x9d01f480                __vector_dispatch_20
                0x00000001                ASSERT (((_vector_spacing == 0x0) || (SIZEOF (.vector_20) <= (_vector_spacing << 0x5))), function at exception vector 20 too large)

.vector_21      0x9d01f4a0        0x8
 *(.vector_21)
 .vector_21     0x9d01f4a0        0x8 /Applications/microchip/xc32/v1.40/bin/bin/../../lib/gcc/pic32mx/4.8.3/../../../../pic32mx/lib/libpic32.a(vector21.o)
                0x9d01f4a0                __vector_dispatch_21
                0x00000001                ASSERT (((_vector_spacing == 0x0) || (SIZEOF (.vector_21) <= (_vector_spacing << 0x5))), function at exception vector 21 too large)

.vector_22      0x9d01f4c0        0x8
 *(.vector_22)
 .vector_22     0x9d01f4c0        0x8 /Applications/microchip/xc32/v1.40/bin/bin/../../lib/gcc/pic32mx/4.8.3/../../../../pic32mx/lib/libpic32.a(vector22.o)
                0x9d01f4c0                __vector_dispatch_22
                0x00000001                ASSERT (((_vector_spacing == 0x0) || (SIZEOF (.vector_22) <= (_vector_spacing << 0x5))), function at exception vector 22 too large)

.vector_23      0x9d01f4e0        0x8
 *(.vector_23)
 .vector_23     0x9d01f4e0        0x8 /Applications/microchip/xc32/v1.40/bin/bin/../../lib/gcc/pic32mx/4.8.3/../../../../pic32mx/lib/libpic32.a(vector23.o)
                0x9d01f4e0                __vector_dispatch_23
                0x00000001                ASSERT (((_vector_spacing == 0x0) || (SIZEOF (.vector_23) <= (_vector_spacing << 0x5))), function at exception vector 23 too large)

.vector_24      0x9d01f500        0x8
 *(.vector_24)
 .vector_24     0x9d01f500        0x8 /Applications/microchip/xc32/v1.40/bin/bin/../../lib/gcc/pic32mx/4.8.3/../../../../pic32mx/lib/libpic32.a(vector24.o)
                0x9d01f500                __vector_dispatch_24
                0x00000001                ASSERT (((_vector_spacing == 0x0) || (SIZEOF (.vector_24) <= (_vector_spacing << 0x5))), function at exception vector 24 too large)

.vector_25      0x9d01f520        0x8
 *(.vector_25)
 .vector_25     0x9d01f520        0x8 /Applications/microchip/xc32/v1.40/bin/bin/../../lib/gcc/pic32mx/4.8.3/../../../../pic32mx/lib/libpic32.a(vector25.o)
                0x9d01f520                __vector_dispatch_25
                0x00000001                ASSERT (((_vector_spacing == 0x0) || (SIZEOF (.vector_25) <= (_vector_spacing << 0x5))), function at exception vector 25 too large)

.vector_26      0x9d01f540        0x8
 *(.vector_26)
 .vector_26     0x9d01f540        0x8 /Applications/microchip/xc32/v1.40/bin/bin/../../lib/gcc/pic32mx/4.8.3/../../../../pic32mx/lib/libpic32.a(vector26.o)
                0x9d01f540                __vector_dispatch_26
                0x00000001                ASSERT (((_vector_spacing == 0x0) || (SIZEOF (.vector_26) <= (_vector_spacing << 0x5))), function at exception vector 26 too large)

.vector_27      0x9d01f560        0x8
 *(.vector_27)
 .vector_27     0x9d01f560        0x8 /Applications/microchip/xc32/v1.40/bin/bin/../../lib/gcc/pic32mx/4.8.3/../../../../pic32mx/lib/libpic32.a(vector27.o)
                0x9d01f560                __vector_dispatch_27
                0x00000001                ASSERT (((_vector_spacing == 0x0) || (SIZEOF (.vector_27) <= (_vector_spacing << 0x5))), function at exception vector 27 too large)

.vector_28      0x9d01f580        0x8
 *(.vector_28)
 .vector_28     0x9d01f580        0x8 /Applications/microchip/xc32/v1.40/bin/bin/../../lib/gcc/pic32mx/4.8.3/../../../../pic32mx/lib/libpic32.a(vector28.o)
                0x9d01f580                __vector_dispatch_28
                0x00000001                ASSERT (((_vector_spacing == 0x0) || (SIZEOF (.vector_28) <= (_vector_spacing << 0x5))), function at exception vector 28 too large)

.vector_29      0x9d01f5a0        0x8
 *(.vector_29)
 .vector_29     0x9d01f5a0        0x8 /Applications/microchip/xc32/v1.40/bin/bin/../../lib/gcc/pic32mx/4.8.3/../../../../pic32mx/lib/libpic32.a(vector29.o)
                0x9d01f5a0                __vector_dispatch_29
                0x00000001                ASSERT (((_vector_spacing == 0x0) || (SIZEOF (.vector_29) <= (_vector_spacing << 0x5))), function at exception vector 29 too large)

.vector_30      0x9d01f5c0        0x8
 *(.vector_30)
 .vector_30     0x9d01f5c0        0x8 build/pic32mx_usb_sk2_int_dyn/production/_ext/1774247193/system_interrupt.o
                0x9d01f5c0                __vector_dispatch_30
                0x00000001                ASSERT (((_vector_spacing == 0x0) || (SIZEOF (.vector_30) <= (_vector_spacing << 0x5))), function at exception vector 30 too large)

.vector_31      0x9d01f5e0        0x8
 *(.vector_31)
 .vector_31     0x9d01f5e0        0x8 /Applications/microchip/xc32/v1.40/bin/bin/../../lib/gcc/pic32mx/4.8.3/../../../../pic32mx/lib/libpic32.a(vector31.o)
                0x9d01f5e0                __vector_dispatch_31
                0x00000001                ASSERT (((_vector_spacing == 0x0) || (SIZEOF (.vector_31) <= (_vector_spacing << 0x5))), function at exception vector 31 too large)

.vector_32      0x9d01f600        0x8
 *(.vector_32)
 .vector_32     0x9d01f600        0x8 /Applications/microchip/xc32/v1.40/bin/bin/../../lib/gcc/pic32mx/4.8.3/../../../../pic32mx/lib/libpic32.a(vector32.o)
                0x9d01f600                __vector_dispatch_32
                0x00000001                ASSERT (((_vector_spacing == 0x0) || (SIZEOF (.vector_32) <= (_vector_spacing << 0x5))), function at exception vector 32 too large)

.vector_33      0x9d01f620        0x8
 *(.vector_33)
 .vector_33     0x9d01f620        0x8 /Applications/microchip/xc32/v1.40/bin/bin/../../lib/gcc/pic32mx/4.8.3/../../../../pic32mx/lib/libpic32.a(vector33.o)
                0x9d01f620                __vector_dispatch_33
                0x00000001                ASSERT (((_vector_spacing == 0x0) || (SIZEOF (.vector_33) <= (_vector_spacing << 0x5))), function at exception vector 33 too large)

.vector_34      0x9d01f640        0x8
 *(.vector_34)
 .vector_34     0x9d01f640        0x8 /Applications/microchip/xc32/v1.40/bin/bin/../../lib/gcc/pic32mx/4.8.3/../../../../pic32mx/lib/libpic32.a(vector34.o)
                0x9d01f640                __vector_dispatch_34
                0x00000001                ASSERT (((_vector_spacing == 0x0) || (SIZEOF (.vector_34) <= (_vector_spacing << 0x5))), function at exception vector 34 too large)

.vector_35      0x9d01f660        0x8
 *(.vector_35)
 .vector_35     0x9d01f660        0x8 /Applications/microchip/xc32/v1.40/bin/bin/../../lib/gcc/pic32mx/4.8.3/../../../../pic32mx/lib/libpic32.a(vector35.o)
                0x9d01f660                __vector_dispatch_35
                0x00000001                ASSERT (((_vector_spacing == 0x0) || (SIZEOF (.vector_35) <= (_vector_spacing << 0x5))), function at exception vector 35 too large)

.vector_36      0x9d01f680        0x8
 *(.vector_36)
 .vector_36     0x9d01f680        0x8 /Applications/microchip/xc32/v1.40/bin/bin/../../lib/gcc/pic32mx/4.8.3/../../../../pic32mx/lib/libpic32.a(vector36.o)
                0x9d01f680                __vector_dispatch_36
                0x00000001                ASSERT (((_vector_spacing == 0x0) || (SIZEOF (.vector_36) <= (_vector_spacing << 0x5))), function at exception vector 36 too large)

.vector_37      0x9d01f6a0        0x8
 *(.vector_37)
 .vector_37     0x9d01f6a0        0x8 /Applications/microchip/xc32/v1.40/bin/bin/../../lib/gcc/pic32mx/4.8.3/../../../../pic32mx/lib/libpic32.a(vector37.o)
                0x9d01f6a0                __vector_dispatch_37
                0x00000001                ASSERT (((_vector_spacing == 0x0) || (SIZEOF (.vector_37) <= (_vector_spacing << 0x5))), function at exception vector 37 too large)

.vector_38      0x9d01f6c0        0x8
 *(.vector_38)
 .vector_38     0x9d01f6c0        0x8 /Applications/microchip/xc32/v1.40/bin/bin/../../lib/gcc/pic32mx/4.8.3/../../../../pic32mx/lib/libpic32.a(vector38.o)
                0x9d01f6c0                __vector_dispatch_38
                0x00000001                ASSERT (((_vector_spacing == 0x0) || (SIZEOF (.vector_38) <= (_vector_spacing << 0x5))), function at exception vector 38 too large)

.vector_39      0x9d01f6e0        0x8
 *(.vector_39)
 .vector_39     0x9d01f6e0        0x8 /Applications/microchip/xc32/v1.40/bin/bin/../../lib/gcc/pic32mx/4.8.3/../../../../pic32mx/lib/libpic32.a(vector39.o)
                0x9d01f6e0                __vector_dispatch_39
                0x00000001                ASSERT (((_vector_spacing == 0x0) || (SIZEOF (.vector_39) <= (_vector_spacing << 0x5))), function at exception vector 39 too large)

.vector_40      0x9d01f700        0x8
 *(.vector_40)
 .vector_40     0x9d01f700        0x8 /Applications/microchip/xc32/v1.40/bin/bin/../../lib/gcc/pic32mx/4.8.3/../../../../pic32mx/lib/libpic32.a(vector40.o)
                0x9d01f700                __vector_dispatch_40
                0x00000001                ASSERT (((_vector_spacing == 0x0) || (SIZEOF (.vector_40) <= (_vector_spacing << 0x5))), function at exception vector 40 too large)

.vector_41      0x9d01f720        0x8
 *(.vector_41)
 .vector_41     0x9d01f720        0x8 /Applications/microchip/xc32/v1.40/bin/bin/../../lib/gcc/pic32mx/4.8.3/../../../../pic32mx/lib/libpic32.a(vector41.o)
                0x9d01f720                __vector_dispatch_41
                0x00000001                ASSERT (((_vector_spacing == 0x0) || (SIZEOF (.vector_41) <= (_vector_spacing << 0x5))), function at exception vector 41 too large)

.vector_42      0x9d01f740        0x8
 *(.vector_42)
 .vector_42     0x9d01f740        0x8 /Applications/microchip/xc32/v1.40/bin/bin/../../lib/gcc/pic32mx/4.8.3/../../../../pic32mx/lib/libpic32.a(vector42.o)
                0x9d01f740                __vector_dispatch_42
                0x00000001                ASSERT (((_vector_spacing == 0x0) || (SIZEOF (.vector_42) <= (_vector_spacing << 0x5))), function at exception vector 42 too large)

.vector_43      0x9d01f760        0x8
 *(.vector_43)
 .vector_43     0x9d01f760        0x8 /Applications/microchip/xc32/v1.40/bin/bin/../../lib/gcc/pic32mx/4.8.3/../../../../pic32mx/lib/libpic32.a(vector43.o)
                0x9d01f760                __vector_dispatch_43
                0x00000001                ASSERT (((_vector_spacing == 0x0) || (SIZEOF (.vector_43) <= (_vector_spacing << 0x5))), function at exception vector 43 too large)

.vector_44      0x9d01f780        0x0
 *(.vector_44)
                0x00000001                ASSERT (((_vector_spacing == 0x0) || (SIZEOF (.vector_44) <= (_vector_spacing << 0x5))), function at exception vector 44 too large)

.vector_45      0x9d01f7a0        0x0
 *(.vector_45)
                0x00000001                ASSERT (((_vector_spacing == 0x0) || (SIZEOF (.vector_45) <= (_vector_spacing << 0x5))), function at exception vector 45 too large)

.vector_46      0x9d01f7c0        0x0
 *(.vector_46)
                0x00000001                ASSERT (((_vector_spacing == 0x0) || (SIZEOF (.vector_46) <= (_vector_spacing << 0x5))), function at exception vector 46 too large)

.vector_47      0x9d01f7e0        0x0
 *(.vector_47)
                0x00000001                ASSERT (((_vector_spacing == 0x0) || (SIZEOF (.vector_47) <= (_vector_spacing << 0x5))), function at exception vector 47 too large)

.vector_48      0x9d01f800        0x0
 *(.vector_48)
                0x00000001                ASSERT (((_vector_spacing == 0x0) || (SIZEOF (.vector_48) <= (_vector_spacing << 0x5))), function at exception vector 48 too large)

.vector_49      0x9d01f820        0x0
 *(.vector_49)
                0x00000001                ASSERT (((_vector_spacing == 0x0) || (SIZEOF (.vector_49) <= (_vector_spacing << 0x5))), function at exception vector 49 too large)

.vector_50      0x9d01f840        0x0
 *(.vector_50)
                0x00000001                ASSERT (((_vector_spacing == 0x0) || (SIZEOF (.vector_50) <= (_vector_spacing << 0x5))), function at exception vector 50 too large)

.vector_51      0x9d01f860        0x0
 *(.vector_51)
                0x00000001                ASSERT (((_vector_spacing == 0x0) || (SIZEOF (.vector_51) <= (_vector_spacing << 0x5))), function at exception vector 51 too large)

.vector_52      0x9d01f880        0x0
 *(.vector_52)
                0x00000001                ASSERT (((_vector_spacing == 0x0) || (SIZEOF (.vector_52) <= (_vector_spacing << 0x5))), function at exception vector 52 too large)

.vector_53      0x9d01f8a0        0x0
 *(.vector_53)
                0x00000001                ASSERT (((_vector_spacing == 0x0) || (SIZEOF (.vector_53) <= (_vector_spacing << 0x5))), function at exception vector 53 too large)

.vector_54      0x9d01f8c0        0x0
 *(.vector_54)
                0x00000001                ASSERT (((_vector_spacing == 0x0) || (SIZEOF (.vector_54) <= (_vector_spacing << 0x5))), function at exception vector 54 too large)

.vector_55      0x9d01f8e0        0x0
 *(.vector_55)
                0x00000001                ASSERT (((_vector_spacing == 0x0) || (SIZEOF (.vector_55) <= (_vector_spacing << 0x5))), function at exception vector 55 too large)

.vector_56      0x9d01f900        0x0
 *(.vector_56)
                0x00000001                ASSERT (((_vector_spacing == 0x0) || (SIZEOF (.vector_56) <= (_vector_spacing << 0x5))), function at exception vector 56 too large)

.vector_57      0x9d01f920        0x0
 *(.vector_57)
                0x00000001                ASSERT (((_vector_spacing == 0x0) || (SIZEOF (.vector_57) <= (_vector_spacing << 0x5))), function at exception vector 57 too large)

.vector_58      0x9d01f940        0x0
 *(.vector_58)
                0x00000001                ASSERT (((_vector_spacing == 0x0) || (SIZEOF (.vector_58) <= (_vector_spacing << 0x5))), function at exception vector 58 too large)

.vector_59      0x9d01f960        0x0
 *(.vector_59)
                0x00000001                ASSERT (((_vector_spacing == 0x0) || (SIZEOF (.vector_59) <= (_vector_spacing << 0x5))), function at exception vector 59 too large)

.vector_60      0x9d01f980        0x0
 *(.vector_60)
                0x00000001                ASSERT (((_vector_spacing == 0x0) || (SIZEOF (.vector_60) <= (_vector_spacing << 0x5))), function at exception vector 60 too large)

.vector_61      0x9d01f9a0        0x0
 *(.vector_61)
                0x00000001                ASSERT (((_vector_spacing == 0x0) || (SIZEOF (.vector_61) <= (_vector_spacing << 0x5))), function at exception vector 61 too large)

.vector_62      0x9d01f9c0        0x0
 *(.vector_62)
                0x00000001                ASSERT (((_vector_spacing == 0x0) || (SIZEOF (.vector_62) <= (_vector_spacing << 0x5))), function at exception vector 62 too large)

.vector_63      0x9d01f9e0        0x0
 *(.vector_63)
                0x00000001                ASSERT (((_vector_spacing == 0x0) || (SIZEOF (.vector_63) <= (_vector_spacing << 0x5))), function at exception vector 63 too large)

.startup
 *(.startup)

.text           0x9d000000        0x0
 *(.stub .gnu.linkonce.t.*)
 *(.text.*personality*)
 *(.mips16.fn.*)
 *(.mips16.call.*)
 *(.gnu.warning)
                0x9d000000                . = ALIGN (0x4)

.init           0x9d000000        0x0
 *crti.o(.init)
 *crtbegin.o(.init)
 *(EXCLUDE_FILE(*crtn.o *crtend?.o *crtend.o) .init)
 *crtend.o(.init)
 *crtn.o(.init)
                0x9d000000                . = ALIGN (0x4)

.fini           0x9d000000        0x0
 *(.fini)
                0x9d000000                . = ALIGN (0x4)

.preinit_array  0x9d000000        0x0
                0x9d000000                PROVIDE (__preinit_array_start, .)
 *(.preinit_array)
                0x9d000000                PROVIDE (__preinit_array_end, .)
                0x9d000000                . = ALIGN (0x4)

.init_array     0x9d000000        0x0
                0x9d000000                PROVIDE (__init_array_start, .)
 *(SORT(.init_array.*))
 *(.init_array)
                0x9d000000                PROVIDE (__init_array_end, .)
                0x9d000000                . = ALIGN (0x4)

.fini_array     0x9d000000        0x0
                0x9d000000                PROVIDE (__fini_array_start, .)
 *(SORT(.fini_array.*))
 *(.fini_array)
                0x9d000000                PROVIDE (__fini_array_end, .)
                0x9d000000                . = ALIGN (0x4)

.ctors          0x9d000000        0x0
 *crtbegin.o(.ctors)
 *crtbegin?.o(.ctors)
 *(EXCLUDE_FILE(*crtend?.o *crtend.o) .ctors)
 *(SORT(.ctors.*))
 *(.ctors)
                0x9d000000                . = ALIGN (0x4)

.dtors          0x9d000000        0x0
 *crtbegin.o(.dtors)
 *crtbegin?.o(.dtors)
 *(EXCLUDE_FILE(*crtend?.o *crtend.o) .dtors)
 *(SORT(.dtors.*))
 *(.dtors)
                0x9d000000                . = ALIGN (0x4)

.rodata         0x9d000000        0x0
 *(.gnu.linkonce.r.*)
 *(.rodata1)
                0x9d000000                . = ALIGN (0x4)

.sdata2         0x9fc00490        0x0
 *(.sdata2 .sdata2.* .gnu.linkonce.s2.*)
                0x9fc00490                . = ALIGN (0x4)

.sbss2          0x9fc00490        0x0
 *(.sbss2 .sbss2.* .gnu.linkonce.sb2.*)
                0x9fc00490                . = ALIGN (0x4)

.eh_frame_hdr
 *(.eh_frame_hdr)
                0x9fc00490                . = ALIGN (0x4)

.eh_frame
 *(.eh_frame)
                0x9fc00490                . = ALIGN (0x4)

.gcc_except_table
 *(.gcc_except_table .gcc_except_table.*)
                0x9fc00490                . = ALIGN (0x4)

.dbg_data       0xa0000000        0x0
                0xa0000000                . = (. + DEFINED (_DEBUGGER)?0x200:0x0)

.jcr            0xa0000000        0x0
 *(.jcr)
                0xa0000000                . = ALIGN (0x4)

.eh_frame
 *(.eh_frame)
                0xa0000000                . = ALIGN (0x4)

.gcc_except_table
 *(.gcc_except_table .gcc_except_table.*)
                0xa0000000                . = ALIGN (0x4)

.persist        0xa0000000        0x0
                0xa0000000                _persist_begin = .
 *(.persist .persist.*)
 *(.pbss .pbss.*)
                0xa0000000                . = ALIGN (0x4)
                0xa0000000                _persist_end = .

.data           0xa0000000        0x0
 *(.gnu.linkonce.d.*)
 *(.data1)
                0xa0000000                . = ALIGN (0x4)
                0xa0000000                . = .
                0xa0007ff0                _gp = (ALIGN (0x10) + 0x7ff0)

.got            0xa0000000        0x0
 *(.got.plt)
 *(.got)
                0xa0000000                . = ALIGN (0x4)

.sdata          0xa0000000        0x0
                0xa0000000                _sdata_begin = .
 *(.sdata .sdata.* .gnu.linkonce.s.*)
                0xa0000000                . = ALIGN (0x4)
                0xa0000000                _sdata_end = .

.lit8
 *(.lit8)

.lit4
 *(.lit4)
                0xa0000000                . = ALIGN (0x4)
                0xa0000000                _data_end = .
                0xa0000000                _bss_begin = .

.sbss           0xa0000000       0x24
                0xa0000000                _sbss_begin = .
 *(.dynsbss)
 *(.sbss .sbss.* .gnu.linkonce.sb.*)
 .sbss          0xa0000000        0xc build/pic32mx_usb_sk2_int_dyn/production/_ext/1774247193/system_exceptions.o
 .sbss          0xa000000c        0x3 build/pic32mx_usb_sk2_int_dyn/production/_ext/1360937237/app.o
 .sbss          0xa000000f        0x1 build/pic32mx_usb_sk2_int_dyn/production/_ext/692885480/usb_device_hid.o
 *(.scommon)
 .scommon       0xa0000010        0x7 build/pic32mx_usb_sk2_int_dyn/production/_ext/1360937237/app.o
                0xa0000010                mouseReportPrevious
                0xa0000014                mouseReport
 *fill*         0xa0000017        0x1 
 .scommon       0xa0000018        0x8 build/pic32mx_usb_sk2_int_dyn/production/_ext/912498863/sys_devcon.o
                0xa0000018                sysDevconObj
 .scommon       0xa0000020        0x2 build/pic32mx_usb_sk2_int_dyn/production/_ext/692885480/usb_device_hid.o
                0xa0000020                gUSBDeviceHidCommonDataObj
                0xa0000022                _sbss_end = .
                0xa0000024                . = ALIGN (0x4)
 *fill*         0xa0000022        0x2 

.bss            0xa0000200      0x184
 *(.dynbss)
 *(COMMON)
 COMMON         0xa0000200       0x4c build/pic32mx_usb_sk2_int_dyn/production/_ext/1774247193/system_init.o
                0xa0000200                endPointTable
                0xa0000240                sysObj
 COMMON         0xa000024c       0x30 build/pic32mx_usb_sk2_int_dyn/production/_ext/1360937237/app.o
                0xa000024c                appData
 COMMON         0xa000027c       0x98 build/pic32mx_usb_sk2_int_dyn/production/_ext/1585079243/drv_usbfs.o
                0xa000027c                gDrvUSBGroup
 COMMON         0xa0000314       0x70 build/pic32mx_usb_sk2_int_dyn/production/_ext/692885480/usb_device_hid.o
                0xa0000314                gUsbDeviceHidInstance
                0xa000033c                gUSBDeviceHIDIRP
                0xa0000384                . = ALIGN ((. != 0x0)?0x4:0x1)
                0xa0000384                . = ALIGN (0x4)
                0xa0000384                _end = .
                0xa0000384                _bss_end = .
                0x00008000                _bmxdudba_address = 0x8000
                0x00008000                _bmxdupba_address = 0x8000

/DISCARD/
 *(.pdr)
 *(.rel.dyn)
 *(.note.GNU-stack)
 *(.note.GNU-stack)
 *(.gnu_debuglink)
 *(.gnu.lto_*)
 *(.discard)

.gptab.sdata
 *(.gptab.data)
 *(.gptab.sdata)

.gptab.sbss
 *(.gptab.bss)
 *(.gptab.sbss)

.mdebug.abi32   0xa0000384        0x0
 *(.mdebug.abi32)
 .mdebug.abi32  0xa0000384        0x0 build/pic32mx_usb_sk2_int_dyn/production/_ext/102310384/sys_clk_static.o
 .mdebug.abi32  0xa0000384        0x0 build/pic32mx_usb_sk2_int_dyn/production/_ext/1956551008/sys_ports_static.o
 .mdebug.abi32  0xa0000384        0x0 build/pic32mx_usb_sk2_int_dyn/production/_ext/1774247193/system_init.o
 .mdebug.abi32  0xa0000384        0x0 build/pic32mx_usb_sk2_int_dyn/production/_ext/1774247193/system_interrupt.o
 .mdebug.abi32  0xa0000384        0x0 build/pic32mx_usb_sk2_int_dyn/production/_ext/1774247193/system_exceptions.o
 .mdebug.abi32  0xa0000384        0x0 build/pic32mx_usb_sk2_int_dyn/production/_ext/1774247193/system_tasks.o
 .mdebug.abi32  0xa0000384        0x0 build/pic32mx_usb_sk2_int_dyn/production/_ext/1360937237/app.o
 .mdebug.abi32  0xa0000384        0x0 build/pic32mx_usb_sk2_int_dyn/production/_ext/1360937237/main.o
 .mdebug.abi32  0xa0000384        0x0 build/pic32mx_usb_sk2_int_dyn/production/_ext/1360937237/mouse.o
 .mdebug.abi32  0xa0000384        0x0 build/pic32mx_usb_sk2_int_dyn/production/_ext/1979166340/bsp_sys_init.o
 .mdebug.abi32  0xa0000384        0x0 build/pic32mx_usb_sk2_int_dyn/production/_ext/1585079243/drv_usbfs.o
 .mdebug.abi32  0xa0000384        0x0 build/pic32mx_usb_sk2_int_dyn/production/_ext/1585079243/drv_usbfs_device.o
 .mdebug.abi32  0xa0000384        0x0 build/pic32mx_usb_sk2_int_dyn/production/_ext/912498863/sys_devcon_pic32mx.o
 .mdebug.abi32  0xa0000384        0x0 build/pic32mx_usb_sk2_int_dyn/production/_ext/912498863/sys_devcon.o
 .mdebug.abi32  0xa0000384        0x0 build/pic32mx_usb_sk2_int_dyn/production/_ext/711155467/sys_int_pic32.o
 .mdebug.abi32  0xa0000384        0x0 build/pic32mx_usb_sk2_int_dyn/production/_ext/1653354328/sys_ports.o
 .mdebug.abi32  0xa0000384        0x0 build/pic32mx_usb_sk2_int_dyn/production/_ext/692885480/usb_device.o
 .mdebug.abi32  0xa0000384        0x0 build/pic32mx_usb_sk2_int_dyn/production/_ext/692885480/usb_device_hid.o
 .mdebug.abi32  0xa0000384        0x0 /Applications/microchip/xc32/v1.40/bin/bin/../../lib/gcc/pic32mx/4.8.3/../../../../pic32mx/lib/libpic32.a(default-bootstrap-exception-handler.o)
 .mdebug.abi32  0xa0000384        0x0 /Applications/microchip/xc32/v1.40/bin/bin/../../lib/gcc/pic32mx/4.8.3/../../../../pic32mx/lib/libpic32.a(default-on-reset.o)
 .mdebug.abi32  0xa0000384        0x0 /Applications/microchip/xc32/v1.40/bin/bin/../../lib/gcc/pic32mx/4.8.3/../../../../pic32mx/lib/libpic32.a(default-on-bootstrap.o)
 .mdebug.abi32  0xa0000384        0x0 /Applications/microchip/xc32/v1.40/bin/bin/../../lib/gcc/pic32mx/4.8.3/../../../../pic32mx/lib/libpic32.a(defaultinterrupt.o)

.mdebug.abiN32
 *(.mdebug.abiN32)

.mdebug.abi64
 *(.mdebug.abi64)

.mdebug.abiO64
 *(.mdebug.abiO64)

.mdebug.eabi32
 *(.mdebug.eabi32)

.mdebug.eabi64
 *(.mdebug.eabi64)

.gcc_compiled_long32
 *(.gcc_compiled_long32)

.gcc_compiled_long64
 *(.gcc_compiled_long64)

.stab
 *(.stab)

.stabstr
 *(.stabstr)

.stab.excl
 *(.stab.excl)

.stab.exclstr
 *(.stab.exclstr)

.stab.index
 *(.stab.index)

.stab.indexstr
 *(.stab.indexstr)

.comment        0x00000000       0x54
 *(.comment)
 .comment       0x00000000       0x3c build/pic32mx_usb_sk2_int_dyn/production/_ext/102310384/sys_clk_static.o
                                 0x3d (size before relaxing)
 .comment       0x00000000       0x3d build/pic32mx_usb_sk2_int_dyn/production/_ext/1956551008/sys_ports_static.o
 .comment       0x00000000       0x3d build/pic32mx_usb_sk2_int_dyn/production/_ext/1774247193/system_init.o
 .comment       0x00000000       0x3d build/pic32mx_usb_sk2_int_dyn/production/_ext/1774247193/system_interrupt.o
 .comment       0x00000000       0x3d build/pic32mx_usb_sk2_int_dyn/production/_ext/1774247193/system_exceptions.o
 .comment       0x00000000       0x3d build/pic32mx_usb_sk2_int_dyn/production/_ext/1774247193/system_tasks.o
 .comment       0x00000000       0x3d build/pic32mx_usb_sk2_int_dyn/production/_ext/1360937237/app.o
 .comment       0x00000000       0x3d build/pic32mx_usb_sk2_int_dyn/production/_ext/1360937237/main.o
 .comment       0x00000000       0x3d build/pic32mx_usb_sk2_int_dyn/production/_ext/1360937237/mouse.o
 .comment       0x00000000       0x3d build/pic32mx_usb_sk2_int_dyn/production/_ext/1979166340/bsp_sys_init.o
 .comment       0x00000000       0x3d build/pic32mx_usb_sk2_int_dyn/production/_ext/1585079243/drv_usbfs.o
 .comment       0x00000000       0x3d build/pic32mx_usb_sk2_int_dyn/production/_ext/1585079243/drv_usbfs_device.o
 .comment       0x00000000       0x3d build/pic32mx_usb_sk2_int_dyn/production/_ext/912498863/sys_devcon_pic32mx.o
 .comment       0x00000000       0x3d build/pic32mx_usb_sk2_int_dyn/production/_ext/912498863/sys_devcon.o
 .comment       0x00000000       0x3d build/pic32mx_usb_sk2_int_dyn/production/_ext/711155467/sys_int_pic32.o
 .comment       0x00000000       0x3d build/pic32mx_usb_sk2_int_dyn/production/_ext/1653354328/sys_ports.o
 .comment       0x00000000       0x3d build/pic32mx_usb_sk2_int_dyn/production/_ext/692885480/usb_device.o
 .comment       0x00000000       0x3d build/pic32mx_usb_sk2_int_dyn/production/_ext/692885480/usb_device_hid.o
 .comment       0x00000000       0x3d /Applications/microchip/xc32/v1.40/bin/bin/../../lib/gcc/pic32mx/4.8.3/../../../../pic32mx/lib/libpic32.a(default-bootstrap-exception-handler.o)
 .comment       0x00000000       0x3d /Applications/microchip/xc32/v1.40/bin/bin/../../lib/gcc/pic32mx/4.8.3/../../../../pic32mx/lib/libpic32.a(default-on-reset.o)
 .comment       0x00000000       0x3d /Applications/microchip/xc32/v1.40/bin/bin/../../lib/gcc/pic32mx/4.8.3/../../../../pic32mx/lib/libpic32.a(default-on-bootstrap.o)
 .comment       0x0000003c       0x18 /Applications/microchip/xc32/v1.40/bin/bin/../../lib/gcc/pic32mx/4.8.3/../../../../pic32mx/lib/libpic32.a(memcmp.o)
                                 0x19 (size before relaxing)
 .comment       0x00000000       0x3d /Applications/microchip/xc32/v1.40/bin/bin/../../lib/gcc/pic32mx/4.8.3/../../../../pic32mx/lib/libpic32.a(defaultinterrupt.o)

.debug
 *(.debug)

.line
 *(.line)

.debug_srcinfo
 *(.debug_srcinfo)

.debug_sfnames
 *(.debug_sfnames)

.debug_aranges  0x00000000      0x708
 *(.debug_aranges)
 .debug_aranges
                0x00000000       0x50 build/pic32mx_usb_sk2_int_dyn/production/_ext/102310384/sys_clk_static.o
 .debug_aranges
                0x00000050       0x20 build/pic32mx_usb_sk2_int_dyn/production/_ext/1956551008/sys_ports_static.o
 .debug_aranges
                0x00000070       0x20 build/pic32mx_usb_sk2_int_dyn/production/_ext/1774247193/system_init.o
 .debug_aranges
                0x00000090       0x20 build/pic32mx_usb_sk2_int_dyn/production/_ext/1774247193/system_interrupt.o
 .debug_aranges
                0x000000b0       0x20 build/pic32mx_usb_sk2_int_dyn/production/_ext/1774247193/system_exceptions.o
 .debug_aranges
                0x000000d0       0x20 build/pic32mx_usb_sk2_int_dyn/production/_ext/1774247193/system_tasks.o
 .debug_aranges
                0x000000f0       0x40 build/pic32mx_usb_sk2_int_dyn/production/_ext/1360937237/app.o
 .debug_aranges
                0x00000130       0x20 build/pic32mx_usb_sk2_int_dyn/production/_ext/1360937237/main.o
 .debug_aranges
                0x00000150       0x20 build/pic32mx_usb_sk2_int_dyn/production/_ext/1360937237/mouse.o
 .debug_aranges
                0x00000170       0x60 build/pic32mx_usb_sk2_int_dyn/production/_ext/1979166340/bsp_sys_init.o
 .debug_aranges
                0x000001d0       0x70 build/pic32mx_usb_sk2_int_dyn/production/_ext/1585079243/drv_usbfs.o
 .debug_aranges
                0x00000240       0xb8 build/pic32mx_usb_sk2_int_dyn/production/_ext/1585079243/drv_usbfs_device.o
 .debug_aranges
                0x000002f8       0x20 build/pic32mx_usb_sk2_int_dyn/production/_ext/912498863/sys_devcon_pic32mx.o
 .debug_aranges
                0x00000318       0x78 build/pic32mx_usb_sk2_int_dyn/production/_ext/912498863/sys_devcon.o
 .debug_aranges
                0x00000390       0x48 build/pic32mx_usb_sk2_int_dyn/production/_ext/711155467/sys_int_pic32.o
 .debug_aranges
                0x000003d8      0x100 build/pic32mx_usb_sk2_int_dyn/production/_ext/1653354328/sys_ports.o
 .debug_aranges
                0x000004d8      0x150 build/pic32mx_usb_sk2_int_dyn/production/_ext/692885480/usb_device.o
 .debug_aranges
                0x00000628       0x60 build/pic32mx_usb_sk2_int_dyn/production/_ext/692885480/usb_device_hid.o
 .debug_aranges
                0x00000688       0x20 /Applications/microchip/xc32/v1.40/bin/bin/../../lib/gcc/pic32mx/4.8.3/../../../../pic32mx/lib/libpic32.a(default-bootstrap-exception-handler.o)
 .debug_aranges
                0x000006a8       0x20 /Applications/microchip/xc32/v1.40/bin/bin/../../lib/gcc/pic32mx/4.8.3/../../../../pic32mx/lib/libpic32.a(default-on-reset.o)
 .debug_aranges
                0x000006c8       0x20 /Applications/microchip/xc32/v1.40/bin/bin/../../lib/gcc/pic32mx/4.8.3/../../../../pic32mx/lib/libpic32.a(default-on-bootstrap.o)
 .debug_aranges
                0x000006e8       0x20 /Applications/microchip/xc32/v1.40/bin/bin/../../lib/gcc/pic32mx/4.8.3/../../../../pic32mx/lib/libpic32.a(defaultinterrupt.o)

.debug_pubnames
 *(.debug_pubnames)

.debug_info     0x00000000    0x291dd
 *(.debug_info .gnu.linkonce.wi.*)
 .debug_info    0x00000000     0x16e3 build/pic32mx_usb_sk2_int_dyn/production/_ext/102310384/sys_clk_static.o
 .debug_info    0x000016e3      0x650 build/pic32mx_usb_sk2_int_dyn/production/_ext/1956551008/sys_ports_static.o
 .debug_info    0x00001d33     0x4685 build/pic32mx_usb_sk2_int_dyn/production/_ext/1774247193/system_init.o
 .debug_info    0x000063b8      0xa9c build/pic32mx_usb_sk2_int_dyn/production/_ext/1774247193/system_interrupt.o
 .debug_info    0x00006e54     0x1479 build/pic32mx_usb_sk2_int_dyn/production/_ext/1774247193/system_exceptions.o
 .debug_info    0x000082cd      0xaf9 build/pic32mx_usb_sk2_int_dyn/production/_ext/1774247193/system_tasks.o
 .debug_info    0x00008dc6     0x3b51 build/pic32mx_usb_sk2_int_dyn/production/_ext/1360937237/app.o
 .debug_info    0x0000c917      0x1bd build/pic32mx_usb_sk2_int_dyn/production/_ext/1360937237/main.o
 .debug_info    0x0000cad4      0x740 build/pic32mx_usb_sk2_int_dyn/production/_ext/1360937237/mouse.o
 .debug_info    0x0000d214      0xcc9 build/pic32mx_usb_sk2_int_dyn/production/_ext/1979166340/bsp_sys_init.o
 .debug_info    0x0000dedd     0x3b21 build/pic32mx_usb_sk2_int_dyn/production/_ext/1585079243/drv_usbfs.o
 .debug_info    0x000119fe     0x684f build/pic32mx_usb_sk2_int_dyn/production/_ext/1585079243/drv_usbfs_device.o
 .debug_info    0x0001824d      0xb61 build/pic32mx_usb_sk2_int_dyn/production/_ext/912498863/sys_devcon_pic32mx.o
 .debug_info    0x00018dae     0x1480 build/pic32mx_usb_sk2_int_dyn/production/_ext/912498863/sys_devcon.o
 .debug_info    0x0001a22e     0x16a5 build/pic32mx_usb_sk2_int_dyn/production/_ext/711155467/sys_int_pic32.o
 .debug_info    0x0001b8d3     0x387f build/pic32mx_usb_sk2_int_dyn/production/_ext/1653354328/sys_ports.o
 .debug_info    0x0001f152     0x56ea build/pic32mx_usb_sk2_int_dyn/production/_ext/692885480/usb_device.o
 .debug_info    0x0002483c     0x4665 build/pic32mx_usb_sk2_int_dyn/production/_ext/692885480/usb_device_hid.o
 .debug_info    0x00028ea1       0xe3 /Applications/microchip/xc32/v1.40/bin/bin/../../lib/gcc/pic32mx/4.8.3/../../../../pic32mx/lib/libpic32.a(default-bootstrap-exception-handler.o)
 .debug_info    0x00028f84       0xbd /Applications/microchip/xc32/v1.40/bin/bin/../../lib/gcc/pic32mx/4.8.3/../../../../pic32mx/lib/libpic32.a(default-on-reset.o)
 .debug_info    0x00029041       0xc5 /Applications/microchip/xc32/v1.40/bin/bin/../../lib/gcc/pic32mx/4.8.3/../../../../pic32mx/lib/libpic32.a(default-on-bootstrap.o)
 .debug_info    0x00029106       0xd7 /Applications/microchip/xc32/v1.40/bin/bin/../../lib/gcc/pic32mx/4.8.3/../../../../pic32mx/lib/libpic32.a(defaultinterrupt.o)

.debug_abbrev   0x00000000     0x2760
 *(.debug_abbrev)
 .debug_abbrev  0x00000000      0x27b build/pic32mx_usb_sk2_int_dyn/production/_ext/102310384/sys_clk_static.o
 .debug_abbrev  0x0000027b       0x51 build/pic32mx_usb_sk2_int_dyn/production/_ext/1956551008/sys_ports_static.o
 .debug_abbrev  0x000002cc      0x374 build/pic32mx_usb_sk2_int_dyn/production/_ext/1774247193/system_init.o
 .debug_abbrev  0x00000640       0xb0 build/pic32mx_usb_sk2_int_dyn/production/_ext/1774247193/system_interrupt.o
 .debug_abbrev  0x000006f0       0xaf build/pic32mx_usb_sk2_int_dyn/production/_ext/1774247193/system_exceptions.o
 .debug_abbrev  0x0000079f       0xc3 build/pic32mx_usb_sk2_int_dyn/production/_ext/1774247193/system_tasks.o
 .debug_abbrev  0x00000862      0x2e3 build/pic32mx_usb_sk2_int_dyn/production/_ext/1360937237/app.o
 .debug_abbrev  0x00000b45       0x93 build/pic32mx_usb_sk2_int_dyn/production/_ext/1360937237/main.o
 .debug_abbrev  0x00000bd8       0xcb build/pic32mx_usb_sk2_int_dyn/production/_ext/1360937237/mouse.o
 .debug_abbrev  0x00000ca3      0x152 build/pic32mx_usb_sk2_int_dyn/production/_ext/1979166340/bsp_sys_init.o
 .debug_abbrev  0x00000df5      0x436 build/pic32mx_usb_sk2_int_dyn/production/_ext/1585079243/drv_usbfs.o
 .debug_abbrev  0x0000122b      0x485 build/pic32mx_usb_sk2_int_dyn/production/_ext/1585079243/drv_usbfs_device.o
 .debug_abbrev  0x000016b0      0x162 build/pic32mx_usb_sk2_int_dyn/production/_ext/912498863/sys_devcon_pic32mx.o
 .debug_abbrev  0x00001812      0x285 build/pic32mx_usb_sk2_int_dyn/production/_ext/912498863/sys_devcon.o
 .debug_abbrev  0x00001a97      0x1d0 build/pic32mx_usb_sk2_int_dyn/production/_ext/711155467/sys_int_pic32.o
 .debug_abbrev  0x00001c67      0x22f build/pic32mx_usb_sk2_int_dyn/production/_ext/1653354328/sys_ports.o
 .debug_abbrev  0x00001e96      0x3ee build/pic32mx_usb_sk2_int_dyn/production/_ext/692885480/usb_device.o
 .debug_abbrev  0x00002284      0x43c build/pic32mx_usb_sk2_int_dyn/production/_ext/692885480/usb_device_hid.o
 .debug_abbrev  0x000026c0       0x28 /Applications/microchip/xc32/v1.40/bin/bin/../../lib/gcc/pic32mx/4.8.3/../../../../pic32mx/lib/libpic32.a(default-bootstrap-exception-handler.o)
 .debug_abbrev  0x000026e8       0x28 /Applications/microchip/xc32/v1.40/bin/bin/../../lib/gcc/pic32mx/4.8.3/../../../../pic32mx/lib/libpic32.a(default-on-reset.o)
 .debug_abbrev  0x00002710       0x28 /Applications/microchip/xc32/v1.40/bin/bin/../../lib/gcc/pic32mx/4.8.3/../../../../pic32mx/lib/libpic32.a(default-on-bootstrap.o)
 .debug_abbrev  0x00002738       0x28 /Applications/microchip/xc32/v1.40/bin/bin/../../lib/gcc/pic32mx/4.8.3/../../../../pic32mx/lib/libpic32.a(defaultinterrupt.o)

.debug_line     0x00000000     0x6037
 *(.debug_line)
 .debug_line    0x00000000      0x471 build/pic32mx_usb_sk2_int_dyn/production/_ext/102310384/sys_clk_static.o
 .debug_line    0x00000471      0x11e build/pic32mx_usb_sk2_int_dyn/production/_ext/1956551008/sys_ports_static.o
 .debug_line    0x0000058f      0x83e build/pic32mx_usb_sk2_int_dyn/production/_ext/1774247193/system_init.o
 .debug_line    0x00000dcd      0x212 build/pic32mx_usb_sk2_int_dyn/production/_ext/1774247193/system_interrupt.o
 .debug_line    0x00000fdf      0x25e build/pic32mx_usb_sk2_int_dyn/production/_ext/1774247193/system_exceptions.o
 .debug_line    0x0000123d      0x2fc build/pic32mx_usb_sk2_int_dyn/production/_ext/1774247193/system_tasks.o
 .debug_line    0x00001539      0x4c2 build/pic32mx_usb_sk2_int_dyn/production/_ext/1360937237/app.o
 .debug_line    0x000019fb       0xda build/pic32mx_usb_sk2_int_dyn/production/_ext/1360937237/main.o
 .debug_line    0x00001ad5      0x12d build/pic32mx_usb_sk2_int_dyn/production/_ext/1360937237/mouse.o
 .debug_line    0x00001c02      0x30a build/pic32mx_usb_sk2_int_dyn/production/_ext/1979166340/bsp_sys_init.o
 .debug_line    0x00001f0c      0x992 build/pic32mx_usb_sk2_int_dyn/production/_ext/1585079243/drv_usbfs.o
 .debug_line    0x0000289e      0xf92 build/pic32mx_usb_sk2_int_dyn/production/_ext/1585079243/drv_usbfs_device.o
 .debug_line    0x00003830      0x3d7 build/pic32mx_usb_sk2_int_dyn/production/_ext/912498863/sys_devcon_pic32mx.o
 .debug_line    0x00003c07      0x68a build/pic32mx_usb_sk2_int_dyn/production/_ext/912498863/sys_devcon.o
 .debug_line    0x00004291      0x3ce build/pic32mx_usb_sk2_int_dyn/production/_ext/711155467/sys_int_pic32.o
 .debug_line    0x0000465f      0x800 build/pic32mx_usb_sk2_int_dyn/production/_ext/1653354328/sys_ports.o
 .debug_line    0x00004e5f      0x984 build/pic32mx_usb_sk2_int_dyn/production/_ext/692885480/usb_device.o
 .debug_line    0x000057e3      0x61b build/pic32mx_usb_sk2_int_dyn/production/_ext/692885480/usb_device_hid.o
 .debug_line    0x00005dfe       0x97 /Applications/microchip/xc32/v1.40/bin/bin/../../lib/gcc/pic32mx/4.8.3/../../../../pic32mx/lib/libpic32.a(default-bootstrap-exception-handler.o)
 .debug_line    0x00005e95       0x84 /Applications/microchip/xc32/v1.40/bin/bin/../../lib/gcc/pic32mx/4.8.3/../../../../pic32mx/lib/libpic32.a(default-on-reset.o)
 .debug_line    0x00005f19       0x88 /Applications/microchip/xc32/v1.40/bin/bin/../../lib/gcc/pic32mx/4.8.3/../../../../pic32mx/lib/libpic32.a(default-on-bootstrap.o)
 .debug_line    0x00005fa1       0x96 /Applications/microchip/xc32/v1.40/bin/bin/../../lib/gcc/pic32mx/4.8.3/../../../../pic32mx/lib/libpic32.a(defaultinterrupt.o)

.debug_frame    0x00000000      0xe9c
 *(.debug_frame)
 .debug_frame   0x00000000       0xa0 build/pic32mx_usb_sk2_int_dyn/production/_ext/102310384/sys_clk_static.o
 .debug_frame   0x000000a0       0x20 build/pic32mx_usb_sk2_int_dyn/production/_ext/1956551008/sys_ports_static.o
 .debug_frame   0x000000c0       0x28 build/pic32mx_usb_sk2_int_dyn/production/_ext/1774247193/system_init.o
 .debug_frame   0x000000e8       0x64 build/pic32mx_usb_sk2_int_dyn/production/_ext/1774247193/system_interrupt.o
 .debug_frame   0x0000014c       0x28 build/pic32mx_usb_sk2_int_dyn/production/_ext/1774247193/system_exceptions.o
 .debug_frame   0x00000174       0x28 build/pic32mx_usb_sk2_int_dyn/production/_ext/1774247193/system_tasks.o
 .debug_frame   0x0000019c       0x8c build/pic32mx_usb_sk2_int_dyn/production/_ext/1360937237/app.o
 .debug_frame   0x00000228       0x28 build/pic32mx_usb_sk2_int_dyn/production/_ext/1360937237/main.o
 .debug_frame   0x00000250       0x20 build/pic32mx_usb_sk2_int_dyn/production/_ext/1360937237/mouse.o
 .debug_frame   0x00000270       0xa0 build/pic32mx_usb_sk2_int_dyn/production/_ext/1979166340/bsp_sys_init.o
 .debug_frame   0x00000310       0xe8 build/pic32mx_usb_sk2_int_dyn/production/_ext/1585079243/drv_usbfs.o
 .debug_frame   0x000003f8      0x1d8 build/pic32mx_usb_sk2_int_dyn/production/_ext/1585079243/drv_usbfs_device.o
 .debug_frame   0x000005d0       0x28 build/pic32mx_usb_sk2_int_dyn/production/_ext/912498863/sys_devcon_pic32mx.o
 .debug_frame   0x000005f8       0xe8 build/pic32mx_usb_sk2_int_dyn/production/_ext/912498863/sys_devcon.o
 .debug_frame   0x000006e0       0x90 build/pic32mx_usb_sk2_int_dyn/production/_ext/711155467/sys_int_pic32.o
 .debug_frame   0x00000770      0x1e0 build/pic32mx_usb_sk2_int_dyn/production/_ext/1653354328/sys_ports.o
 .debug_frame   0x00000950      0x3d8 build/pic32mx_usb_sk2_int_dyn/production/_ext/692885480/usb_device.o
 .debug_frame   0x00000d28       0xe8 build/pic32mx_usb_sk2_int_dyn/production/_ext/692885480/usb_device_hid.o
 .debug_frame   0x00000e10       0x2c /Applications/microchip/xc32/v1.40/bin/bin/../../lib/gcc/pic32mx/4.8.3/../../../../pic32mx/lib/libpic32.a(default-bootstrap-exception-handler.o)
 .debug_frame   0x00000e3c       0x20 /Applications/microchip/xc32/v1.40/bin/bin/../../lib/gcc/pic32mx/4.8.3/../../../../pic32mx/lib/libpic32.a(default-on-reset.o)
 .debug_frame   0x00000e5c       0x20 /Applications/microchip/xc32/v1.40/bin/bin/../../lib/gcc/pic32mx/4.8.3/../../../../pic32mx/lib/libpic32.a(default-on-bootstrap.o)
 .debug_frame   0x00000e7c       0x20 /Applications/microchip/xc32/v1.40/bin/bin/../../lib/gcc/pic32mx/4.8.3/../../../../pic32mx/lib/libpic32.a(defaultinterrupt.o)

.debug_str      0x00000000      0x8e8
 *(.debug_str)
 .debug_str     0x00000000       0x39 build/pic32mx_usb_sk2_int_dyn/production/_ext/102310384/sys_clk_static.o
 .debug_str     0x00000039        0x0 build/pic32mx_usb_sk2_int_dyn/production/_ext/1956551008/sys_ports_static.o
 .debug_str     0x00000039      0x119 build/pic32mx_usb_sk2_int_dyn/production/_ext/1774247193/system_init.o
 .debug_str     0x00000152        0x0 build/pic32mx_usb_sk2_int_dyn/production/_ext/1774247193/system_interrupt.o
 .debug_str     0x00000152        0x0 build/pic32mx_usb_sk2_int_dyn/production/_ext/1774247193/system_exceptions.o
 .debug_str     0x00000152        0x0 build/pic32mx_usb_sk2_int_dyn/production/_ext/1774247193/system_tasks.o
 .debug_str     0x00000152       0xa5 build/pic32mx_usb_sk2_int_dyn/production/_ext/1360937237/app.o
 .debug_str     0x000001f7        0x0 build/pic32mx_usb_sk2_int_dyn/production/_ext/1360937237/main.o
 .debug_str     0x000001f7        0x0 build/pic32mx_usb_sk2_int_dyn/production/_ext/1360937237/mouse.o
 .debug_str     0x000001f7       0x15 build/pic32mx_usb_sk2_int_dyn/production/_ext/1979166340/bsp_sys_init.o
 .debug_str     0x0000020c       0xa2 build/pic32mx_usb_sk2_int_dyn/production/_ext/1585079243/drv_usbfs.o
 .debug_str     0x000002ae      0x179 build/pic32mx_usb_sk2_int_dyn/production/_ext/1585079243/drv_usbfs_device.o
 .debug_str     0x00000427        0x6 build/pic32mx_usb_sk2_int_dyn/production/_ext/912498863/sys_devcon_pic32mx.o
 .debug_str     0x0000042d       0x16 build/pic32mx_usb_sk2_int_dyn/production/_ext/912498863/sys_devcon.o
 .debug_str     0x00000443       0x2d build/pic32mx_usb_sk2_int_dyn/production/_ext/711155467/sys_int_pic32.o
 .debug_str     0x00000470       0x98 build/pic32mx_usb_sk2_int_dyn/production/_ext/1653354328/sys_ports.o
 .debug_str     0x00000508      0x29f build/pic32mx_usb_sk2_int_dyn/production/_ext/692885480/usb_device.o
 .debug_str     0x000007a7      0x141 build/pic32mx_usb_sk2_int_dyn/production/_ext/692885480/usb_device_hid.o
 .debug_str     0x000008e8        0x0 /Applications/microchip/xc32/v1.40/bin/bin/../../lib/gcc/pic32mx/4.8.3/../../../../pic32mx/lib/libpic32.a(default-bootstrap-exception-handler.o)
 .debug_str     0x000008e8        0x0 /Applications/microchip/xc32/v1.40/bin/bin/../../lib/gcc/pic32mx/4.8.3/../../../../pic32mx/lib/libpic32.a(default-on-reset.o)
 .debug_str     0x000008e8        0x0 /Applications/microchip/xc32/v1.40/bin/bin/../../lib/gcc/pic32mx/4.8.3/../../../../pic32mx/lib/libpic32.a(default-on-bootstrap.o)
 .debug_str     0x000008e8        0x0 /Applications/microchip/xc32/v1.40/bin/bin/../../lib/gcc/pic32mx/4.8.3/../../../../pic32mx/lib/libpic32.a(defaultinterrupt.o)

.debug_loc      0x00000000     0x699f
 *(.debug_loc)
 .debug_loc     0x00000000       0x49 build/pic32mx_usb_sk2_int_dyn/production/_ext/102310384/sys_clk_static.o
 .debug_loc     0x00000049       0x21 build/pic32mx_usb_sk2_int_dyn/production/_ext/1774247193/system_init.o
 .debug_loc     0x0000006a      0x2a0 build/pic32mx_usb_sk2_int_dyn/production/_ext/1360937237/app.o
 .debug_loc     0x0000030a       0x2c build/pic32mx_usb_sk2_int_dyn/production/_ext/1360937237/mouse.o
 .debug_loc     0x00000336       0x42 build/pic32mx_usb_sk2_int_dyn/production/_ext/1979166340/bsp_sys_init.o
 .debug_loc     0x00000378      0x660 build/pic32mx_usb_sk2_int_dyn/production/_ext/1585079243/drv_usbfs.o
 .debug_loc     0x000009d8     0x2907 build/pic32mx_usb_sk2_int_dyn/production/_ext/1585079243/drv_usbfs_device.o
 .debug_loc     0x000032df       0x91 build/pic32mx_usb_sk2_int_dyn/production/_ext/912498863/sys_devcon_pic32mx.o
 .debug_loc     0x00003370       0xf0 build/pic32mx_usb_sk2_int_dyn/production/_ext/912498863/sys_devcon.o
 .debug_loc     0x00003460       0x8d build/pic32mx_usb_sk2_int_dyn/production/_ext/711155467/sys_int_pic32.o
 .debug_loc     0x000034ed      0xe83 build/pic32mx_usb_sk2_int_dyn/production/_ext/1653354328/sys_ports.o
 .debug_loc     0x00004370     0x1af3 build/pic32mx_usb_sk2_int_dyn/production/_ext/692885480/usb_device.o
 .debug_loc     0x00005e63      0xb3c build/pic32mx_usb_sk2_int_dyn/production/_ext/692885480/usb_device_hid.o

.debug_macinfo
 *(.debug_macinfo)

.debug_weaknames
 *(.debug_weaknames)

.debug_funcnames
 *(.debug_funcnames)

.debug_typenames
 *(.debug_typenames)

.debug_varnames
 *(.debug_varnames)

.debug_pubtypes
 *(.debug_pubtypes)

.debug_ranges   0x00000000      0x740
 *(.debug_ranges)
 .debug_ranges  0x00000000       0x40 build/pic32mx_usb_sk2_int_dyn/production/_ext/102310384/sys_clk_static.o
 .debug_ranges  0x00000040       0x10 build/pic32mx_usb_sk2_int_dyn/production/_ext/1956551008/sys_ports_static.o
 .debug_ranges  0x00000050       0x10 build/pic32mx_usb_sk2_int_dyn/production/_ext/1774247193/system_init.o
 .debug_ranges  0x00000060       0x10 build/pic32mx_usb_sk2_int_dyn/production/_ext/1774247193/system_interrupt.o
 .debug_ranges  0x00000070       0x10 build/pic32mx_usb_sk2_int_dyn/production/_ext/1774247193/system_exceptions.o
 .debug_ranges  0x00000080       0x10 build/pic32mx_usb_sk2_int_dyn/production/_ext/1774247193/system_tasks.o
 .debug_ranges  0x00000090       0x30 build/pic32mx_usb_sk2_int_dyn/production/_ext/1360937237/app.o
 .debug_ranges  0x000000c0       0x10 build/pic32mx_usb_sk2_int_dyn/production/_ext/1360937237/main.o
 .debug_ranges  0x000000d0       0x10 build/pic32mx_usb_sk2_int_dyn/production/_ext/1360937237/mouse.o
 .debug_ranges  0x000000e0       0x50 build/pic32mx_usb_sk2_int_dyn/production/_ext/1979166340/bsp_sys_init.o
 .debug_ranges  0x00000130       0x78 build/pic32mx_usb_sk2_int_dyn/production/_ext/1585079243/drv_usbfs.o
 .debug_ranges  0x000001a8      0x210 build/pic32mx_usb_sk2_int_dyn/production/_ext/1585079243/drv_usbfs_device.o
 .debug_ranges  0x000003b8       0x10 build/pic32mx_usb_sk2_int_dyn/production/_ext/912498863/sys_devcon_pic32mx.o
 .debug_ranges  0x000003c8       0x68 build/pic32mx_usb_sk2_int_dyn/production/_ext/912498863/sys_devcon.o
 .debug_ranges  0x00000430       0x50 build/pic32mx_usb_sk2_int_dyn/production/_ext/711155467/sys_int_pic32.o
 .debug_ranges  0x00000480       0xf0 build/pic32mx_usb_sk2_int_dyn/production/_ext/1653354328/sys_ports.o
 .debug_ranges  0x00000570      0x140 build/pic32mx_usb_sk2_int_dyn/production/_ext/692885480/usb_device.o
 .debug_ranges  0x000006b0       0x50 build/pic32mx_usb_sk2_int_dyn/production/_ext/692885480/usb_device_hid.o
 .debug_ranges  0x00000700       0x10 /Applications/microchip/xc32/v1.40/bin/bin/../../lib/gcc/pic32mx/4.8.3/../../../../pic32mx/lib/libpic32.a(default-bootstrap-exception-handler.o)
 .debug_ranges  0x00000710       0x10 /Applications/microchip/xc32/v1.40/bin/bin/../../lib/gcc/pic32mx/4.8.3/../../../../pic32mx/lib/libpic32.a(default-on-reset.o)
 .debug_ranges  0x00000720       0x10 /Applications/microchip/xc32/v1.40/bin/bin/../../lib/gcc/pic32mx/4.8.3/../../../../pic32mx/lib/libpic32.a(default-on-bootstrap.o)
 .debug_ranges  0x00000730       0x10 /Applications/microchip/xc32/v1.40/bin/bin/../../lib/gcc/pic32mx/4.8.3/../../../../pic32mx/lib/libpic32.a(defaultinterrupt.o)

.gnu.attributes
                0x00000000       0x10
 *(.gnu.attributes)
 .gnu.attributes
                0x00000000       0x10 build/pic32mx_usb_sk2_int_dyn/production/_ext/102310384/sys_clk_static.o
 .gnu.attributes
                0x00000010       0x10 build/pic32mx_usb_sk2_int_dyn/production/_ext/1956551008/sys_ports_static.o
 .gnu.attributes
                0x00000020       0x10 build/pic32mx_usb_sk2_int_dyn/production/_ext/1774247193/system_init.o
 .gnu.attributes
                0x00000030       0x10 build/pic32mx_usb_sk2_int_dyn/production/_ext/1774247193/system_interrupt.o
 .gnu.attributes
                0x00000040       0x10 build/pic32mx_usb_sk2_int_dyn/production/_ext/1774247193/system_exceptions.o
 .gnu.attributes
                0x00000050       0x10 build/pic32mx_usb_sk2_int_dyn/production/_ext/1774247193/system_tasks.o
 .gnu.attributes
                0x00000060       0x10 build/pic32mx_usb_sk2_int_dyn/production/_ext/1360937237/app.o
 .gnu.attributes
                0x00000070       0x10 build/pic32mx_usb_sk2_int_dyn/production/_ext/1360937237/main.o
 .gnu.attributes
                0x00000080       0x10 build/pic32mx_usb_sk2_int_dyn/production/_ext/1360937237/mouse.o
 .gnu.attributes
                0x00000090       0x10 build/pic32mx_usb_sk2_int_dyn/production/_ext/1979166340/bsp_sys_init.o
 .gnu.attributes
                0x000000a0       0x10 build/pic32mx_usb_sk2_int_dyn/production/_ext/1585079243/drv_usbfs.o
 .gnu.attributes
                0x000000b0       0x10 build/pic32mx_usb_sk2_int_dyn/production/_ext/1585079243/drv_usbfs_device.o
 .gnu.attributes
                0x000000c0       0x10 build/pic32mx_usb_sk2_int_dyn/production/_ext/912498863/sys_devcon_pic32mx.o
 .gnu.attributes
                0x000000d0       0x10 build/pic32mx_usb_sk2_int_dyn/production/_ext/912498863/sys_devcon.o
 .gnu.attributes
                0x000000e0       0x10 build/pic32mx_usb_sk2_int_dyn/production/_ext/711155467/sys_int_pic32.o
 .gnu.attributes
                0x000000f0       0x10 build/pic32mx_usb_sk2_int_dyn/production/_ext/1653354328/sys_ports.o
 .gnu.attributes
                0x00000100       0x10 build/pic32mx_usb_sk2_int_dyn/production/_ext/692885480/usb_device.o
 .gnu.attributes
                0x00000110       0x10 build/pic32mx_usb_sk2_int_dyn/production/_ext/692885480/usb_device_hid.o
 .gnu.attributes
                0x00000120       0x10 /Applications/microchip/xc32/v1.40/bin/bin/../../lib/gcc/pic32mx/4.8.3/../../../../pic32mx/lib/libpic32.a(default-bootstrap-exception-handler.o)
 .gnu.attributes
                0x00000130       0x10 /Applications/microchip/xc32/v1.40/bin/bin/../../lib/gcc/pic32mx/4.8.3/../../../../pic32mx/lib/libpic32.a(default-on-reset.o)
 .gnu.attributes
                0x00000140       0x10 /Applications/microchip/xc32/v1.40/bin/bin/../../lib/gcc/pic32mx/4.8.3/../../../../pic32mx/lib/libpic32.a(default-on-bootstrap.o)
 .gnu.attributes
                0x00000150       0x10 /Applications/microchip/xc32/v1.40/bin/bin/../../lib/gcc/pic32mx/4.8.3/../../../../pic32mx/lib/libpic32.a(defaultinterrupt.o)
LOAD /Applications/microchip/xc32/v1.40/bin/bin/../../lib/gcc/pic32mx/4.8.3/libgcc.a
START GROUP
LOAD /Applications/microchip/xc32/v1.40/bin/bin/../../lib/gcc/pic32mx/4.8.3/../../../../pic32mx/lib/libpic32.a
LOAD /Applications/microchip/xc32/v1.40/bin/bin/../../lib/gcc/pic32mx/4.8.3/../../../../pic32mx/lib/libdebug.a
LOAD /Applications/microchip/xc32/v1.40/bin/bin/../../lib/gcc/pic32mx/4.8.3/../../../../pic32mx/lib/libpic32.a
LOAD /Applications/microchip/xc32/v1.40/bin/bin/../../lib/gcc/pic32mx/4.8.3/../../../../pic32mx/lib/libm.a
LOAD /Applications/microchip/xc32/v1.40/bin/bin/../../lib/gcc/pic32mx/4.8.3/../../../../pic32mx/lib/libe.a
LOAD /Applications/microchip/xc32/v1.40/bin/bin/../../lib/gcc/pic32mx/4.8.3/../../../../pic32mx/lib/libdsp.a
LOAD /Applications/microchip/xc32/v1.40/bin/bin/../../lib/gcc/pic32mx/4.8.3/libgcc.a
LOAD /Applications/microchip/xc32/v1.40/bin/bin/../../lib/gcc/pic32mx/4.8.3/../../../../pic32mx/lib/libc.a
LOAD /Applications/microchip/xc32/v1.40/bin/bin/../../lib/gcc/pic32mx/4.8.3/../../../../pic32mx/lib/libpic32.a
END GROUP
LOAD /Applications/microchip/xc32/v1.40/bin/bin/../../lib/gcc/pic32mx/4.8.3/libgcc.a
OUTPUT(dist/pic32mx_usb_sk2_int_dyn/production/hid_mouse.X.production.elf elf32-tradlittlemips)
LOAD stack
LOAD data_init

.reginfo        0x00000000       0x18
 .reginfo       0x00000000       0x18 /Applications/microchip/xc32/v1.40/bin/bin/../../lib/gcc/pic32mx/4.8.3/../../../../pic32mx/lib/./proc/32MX250F128B/crt0_mips32r2.o

.stack          0xa00003a0      0x400
 .stack         0xa00003a0      0x400 stack

.bss            0xa0000024       0xb8
 .bss           0xa0000024       0xb8 build/pic32mx_usb_sk2_int_dyn/production/_ext/692885480/usb_device.o

.data           0xa00000dc       0x98
 .data          0xa00000dc       0x4c build/pic32mx_usb_sk2_int_dyn/production/_ext/1774247193/system_exceptions.o
 .data          0xa0000128       0x4c build/pic32mx_usb_sk2_int_dyn/production/_ext/1585079243/drv_usbfs_device.o
                0xa0000128                gDrvUSBFSDeviceInterface

._debug_exception
                0xbfc00480       0x2c
 ._debug_exception
                0xbfc00480       0x2c /Applications/microchip/xc32/v1.40/bin/bin/../../lib/gcc/pic32mx/4.8.3/../../../../pic32mx/lib/debug-exception-return.o
                0xbfc00480                __DbgExecReturn

.text._DRV_USBFS_DEVICE_Tasks_ISR
                0x9d000000      0x778
 .text._DRV_USBFS_DEVICE_Tasks_ISR
                0x9d000000      0x778 build/pic32mx_usb_sk2_int_dyn/production/_ext/1585079243/drv_usbfs_device.o
                0x9d000000                _DRV_USBFS_DEVICE_Tasks_ISR

.text._USB_DEVICE_HID_ControlTransferHandler
                0x9d000778      0x300
 .text._USB_DEVICE_HID_ControlTransferHandler
                0x9d000778      0x300 build/pic32mx_usb_sk2_int_dyn/production/_ext/692885480/usb_device_hid.o
                0x9d000778                _USB_DEVICE_HID_ControlTransferHandler

.text.APP_Tasks
                0x9d000a78      0x294
 .text.APP_Tasks
                0x9d000a78      0x294 build/pic32mx_usb_sk2_int_dyn/production/_ext/1360937237/app.o
                0x9d000a78                APP_Tasks

.text._USB_DEVICE_ProcessStandardDeviceGetRequests
                0x9d000d0c      0x268
 .text._USB_DEVICE_ProcessStandardDeviceGetRequests
                0x9d000d0c      0x268 build/pic32mx_usb_sk2_int_dyn/production/_ext/692885480/usb_device.o
                0x9d000d0c                _USB_DEVICE_ProcessStandardDeviceGetRequests

.text.DRV_USBFS_DEVICE_IRPSubmit
                0x9d000f74      0x21c
 .text.DRV_USBFS_DEVICE_IRPSubmit
                0x9d000f74      0x21c build/pic32mx_usb_sk2_int_dyn/production/_ext/1585079243/drv_usbfs_device.o
                0x9d000f74                DRV_USBFS_DEVICE_IRPSubmit

.text._USB_DEVICE_EventHandler
                0x9d001190      0x214
 .text._USB_DEVICE_EventHandler
                0x9d001190      0x214 build/pic32mx_usb_sk2_int_dyn/production/_ext/692885480/usb_device.o
                0x9d001190                _USB_DEVICE_EventHandler

.text._USB_DEVICE_ProcessStandardDeviceSetRequests
                0x9d0013a4      0x214
 .text._USB_DEVICE_ProcessStandardDeviceSetRequests
                0x9d0013a4      0x214 build/pic32mx_usb_sk2_int_dyn/production/_ext/692885480/usb_device.o
                0x9d0013a4                _USB_DEVICE_ProcessStandardDeviceSetRequests

.text.DRV_USBFS_DEVICE_EndpointEnable
                0x9d0015b8      0x208
 .text.DRV_USBFS_DEVICE_EndpointEnable
                0x9d0015b8      0x208 build/pic32mx_usb_sk2_int_dyn/production/_ext/1585079243/drv_usbfs_device.o
                0x9d0015b8                DRV_USBFS_DEVICE_EndpointEnable

.text._USB_DEVICE_ControlTransferHandler
                0x9d0017c0      0x1e0
 .text._USB_DEVICE_ControlTransferHandler
                0x9d0017c0      0x1e0 build/pic32mx_usb_sk2_int_dyn/production/_ext/692885480/usb_device.o
                0x9d0017c0                _USB_DEVICE_ControlTransferHandler

.text.DRV_USBFS_Initialize
                0x9d0019a0      0x1d8
 .text.DRV_USBFS_Initialize
                0x9d0019a0      0x1d8 build/pic32mx_usb_sk2_int_dyn/production/_ext/1585079243/drv_usbfs.o
                0x9d0019a0                DRV_USBFS_Initialize

.text.DRV_USBFS_DEVICE_EndpointStallClear
                0x9d001b78      0x1b8
 .text.DRV_USBFS_DEVICE_EndpointStallClear
                0x9d001b78      0x1b8 build/pic32mx_usb_sk2_int_dyn/production/_ext/1585079243/drv_usbfs_device.o
                0x9d001b78                DRV_USBFS_DEVICE_EndpointStallClear

.text.DRV_USBFS_DEVICE_EndpointStall
                0x9d001d30      0x1ac
 .text.DRV_USBFS_DEVICE_EndpointStall
                0x9d001d30      0x1ac build/pic32mx_usb_sk2_int_dyn/production/_ext/1585079243/drv_usbfs_device.o
                0x9d001d30                DRV_USBFS_DEVICE_EndpointStall

.rodata         0x9d001edc      0x188
 .rodata        0x9d001edc      0x188 build/pic32mx_usb_sk2_int_dyn/production/_ext/1774247193/system_init.o
                0x9d001edc                hid_rpt0
                0x9d001f10                hidInit0
                0x9d001f20                funcRegistrationTable
                0x9d001f34                deviceDescriptor
                0x9d001f48                fullSpeedConfigurationDescriptor
                0x9d001f74                fullSpeedConfigDescSet
                0x9d001f78                sd000
                0x9d001f7c                sd001
                0x9d001fb0                sd002
                0x9d001fd0                stringDescriptors
                0x9d001fdc                usbMasterDescriptor
                0x9d002008                usbDevInitData
                0x9d00203c                drvUSBInit
                0x9d002060                sysDevconInit

.text.DRV_USBFS_DEVICE_EndpointDisable
                0x9d002064      0x184
 .text.DRV_USBFS_DEVICE_EndpointDisable
                0x9d002064      0x184 build/pic32mx_usb_sk2_int_dyn/production/_ext/1585079243/drv_usbfs_device.o
                0x9d002064                DRV_USBFS_DEVICE_EndpointDisable

.text._USB_DEVICE_Ep0ReceiveCompleteCallback
                0x9d0021e8      0x184
 .text._USB_DEVICE_Ep0ReceiveCompleteCallback
                0x9d0021e8      0x184 build/pic32mx_usb_sk2_int_dyn/production/_ext/692885480/usb_device.o
                0x9d0021e8                _USB_DEVICE_Ep0ReceiveCompleteCallback

.text.USB_DEVICE_HID_ReportSend
                0x9d00236c      0x17c
 .text.USB_DEVICE_HID_ReportSend
                0x9d00236c      0x17c build/pic32mx_usb_sk2_int_dyn/production/_ext/692885480/usb_device_hid.o
                0x9d00236c                USB_DEVICE_HID_ReportSend

.text.USB_DEVICE_Tasks
                0x9d0024e8      0x170
 .text.USB_DEVICE_Tasks
                0x9d0024e8      0x170 build/pic32mx_usb_sk2_int_dyn/production/_ext/692885480/usb_device.o
                0x9d0024e8                USB_DEVICE_Tasks

.text           0x9d002658      0x168
 .text          0x9d002658      0x168 /Applications/microchip/xc32/v1.40/bin/bin/../../lib/gcc/pic32mx/4.8.3/../../../../pic32mx/lib/libpic32.a(memcpy.o)
                0x9d002658                memcpy

.text.USB_DEVICE_Initialize
                0x9d0027c0      0x158
 .text.USB_DEVICE_Initialize
                0x9d0027c0      0x158 build/pic32mx_usb_sk2_int_dyn/production/_ext/692885480/usb_device.o
                0x9d0027c0                USB_DEVICE_Initialize

.text._USB_DEVICE_HID_InitializeByDescriptorType
                0x9d002918      0x14c
 .text._USB_DEVICE_HID_InitializeByDescriptorType
                0x9d002918      0x14c build/pic32mx_usb_sk2_int_dyn/production/_ext/692885480/usb_device_hid.o
                0x9d002918                _USB_DEVICE_HID_InitializeByDescriptorType

.text.DRV_USBFS_DEVICE_IRPCancelAll
                0x9d002a64      0x13c
 .text.DRV_USBFS_DEVICE_IRPCancelAll
                0x9d002a64      0x13c build/pic32mx_usb_sk2_int_dyn/production/_ext/1585079243/drv_usbfs_device.o
                0x9d002a64                DRV_USBFS_DEVICE_IRPCancelAll

.text._IntHandlerUSBInstance0
                0x9d002ba0      0x134
 .text._IntHandlerUSBInstance0
                0x9d002ba0      0x134 build/pic32mx_usb_sk2_int_dyn/production/_ext/1774247193/system_interrupt.o
                0x9d002ba0                _IntHandlerUSBInstance0

.dinit          0x9d002cd4      0x120
 .dinit         0x9d002cd4      0x120 data_init

.text.APP_USBDeviceEventHandler
                0x9d002df4      0x110
 .text.APP_USBDeviceEventHandler
                0x9d002df4      0x110 build/pic32mx_usb_sk2_int_dyn/production/_ext/1360937237/app.o
                0x9d002df4                APP_USBDeviceEventHandler

.text._USB_DEVICE_ProcessStandardEndpointRequest
                0x9d002f04      0x100
 .text._USB_DEVICE_ProcessStandardEndpointRequest
                0x9d002f04      0x100 build/pic32mx_usb_sk2_int_dyn/production/_ext/692885480/usb_device.o
                0x9d002f04                _USB_DEVICE_ProcessStandardEndpointRequest

.text._USB_DEVICE_ConfigureDevice
                0x9d003004      0x100
 .text._USB_DEVICE_ConfigureDevice
                0x9d003004      0x100 build/pic32mx_usb_sk2_int_dyn/production/_ext/692885480/usb_device.o
                0x9d003004                _USB_DEVICE_ConfigureDevice

.text.SYS_Initialize
                0x9d003104       0xdc
 .text.SYS_Initialize
                0x9d003104       0xdc build/pic32mx_usb_sk2_int_dyn/production/_ext/1774247193/system_init.o
                0x9d003104                SYS_Initialize

.rodata         0x9d0031e0       0xdc
 .rodata        0x9d0031e0       0xdc build/pic32mx_usb_sk2_int_dyn/production/_ext/1774247193/system_exceptions.o

.text.general_exception
                0x9d0032bc       0xdc
 .text.general_exception
                0x9d0032bc       0xdc /Applications/microchip/xc32/v1.40/bin/bin/../../lib/gcc/pic32mx/4.8.3/../../../../pic32mx/lib/libpic32.a(general-exception.o)
                0x9d0032bc                _general_exception_context

.text._DRV_USBFS_DEVICE_EndpointBDTEntryArm
                0x9d003398       0xd8
 .text._DRV_USBFS_DEVICE_EndpointBDTEntryArm
                0x9d003398       0xd8 build/pic32mx_usb_sk2_int_dyn/production/_ext/1585079243/drv_usbfs_device.o
                0x9d003398                _DRV_USBFS_DEVICE_EndpointBDTEntryArm

.text._USB_DEVICE_GetStringDescriptorRequestProcess
                0x9d003470       0xd4
 .text._USB_DEVICE_GetStringDescriptorRequestProcess
                0x9d003470       0xd4 build/pic32mx_usb_sk2_int_dyn/production/_ext/692885480/usb_device.o
                0x9d003470                _USB_DEVICE_GetStringDescriptorRequestProcess

.text.APP_USBDeviceHIDEventHandler
                0x9d003544       0xd0
 .text.APP_USBDeviceHIDEventHandler
                0x9d003544       0xd0 build/pic32mx_usb_sk2_int_dyn/production/_ext/1360937237/app.o
                0x9d003544                APP_USBDeviceHIDEventHandler

.text._USB_DEVICE_HID_DeInitialize
                0x9d003614       0xbc
 .text._USB_DEVICE_HID_DeInitialize
                0x9d003614       0xbc build/pic32mx_usb_sk2_int_dyn/production/_ext/692885480/usb_device_hid.o
                0x9d003614                _USB_DEVICE_HID_DeInitialize

.text._USB_DEVICE_Ep0TransmitCompleteCallback
                0x9d0036d0       0xb0
 .text._USB_DEVICE_Ep0TransmitCompleteCallback
                0x9d0036d0       0xb0 build/pic32mx_usb_sk2_int_dyn/production/_ext/692885480/usb_device.o
                0x9d0036d0                _USB_DEVICE_Ep0TransmitCompleteCallback

.text._USB_DEVICE_HID_ReportSendCallBack
                0x9d003780       0xb0
 .text._USB_DEVICE_HID_ReportSendCallBack
                0x9d003780       0xb0 build/pic32mx_usb_sk2_int_dyn/production/_ext/692885480/usb_device_hid.o
                0x9d003780                _USB_DEVICE_HID_ReportSendCallBack

.text._USB_DEVICE_DeInitializeAllFunctionDrivers
                0x9d003830       0xa8
 .text._USB_DEVICE_DeInitializeAllFunctionDrivers
                0x9d003830       0xa8 build/pic32mx_usb_sk2_int_dyn/production/_ext/692885480/usb_device.o
                0x9d003830                _USB_DEVICE_DeInitializeAllFunctionDrivers

.text.APP_ProcessSwitchPress
                0x9d0038d8       0xa4
 .text.APP_ProcessSwitchPress
                0x9d0038d8       0xa4 build/pic32mx_usb_sk2_int_dyn/production/_ext/1360937237/app.o
                0x9d0038d8                APP_ProcessSwitchPress

.text._USB_DEVICE_ForwardControlXfrToFunction
                0x9d00397c       0xa0
 .text._USB_DEVICE_ForwardControlXfrToFunction
                0x9d00397c       0xa0 build/pic32mx_usb_sk2_int_dyn/production/_ext/692885480/usb_device.o
                0x9d00397c                _USB_DEVICE_ForwardControlXfrToFunction

.text           0x9d003a1c       0x98
 .text          0x9d003a1c       0x98 /Applications/microchip/xc32/v1.40/bin/bin/../../lib/gcc/pic32mx/4.8.3/../../../../pic32mx/lib/libpic32.a(memcmp.o)
                0x9d003a1c                memcmp

.text._USB_DEVICE_GetFunctionDriverEntryByInterface
                0x9d003ab4       0x88
 .text._USB_DEVICE_GetFunctionDriverEntryByInterface
                0x9d003ab4       0x88 build/pic32mx_usb_sk2_int_dyn/production/_ext/692885480/usb_device.o
                0x9d003ab4                _USB_DEVICE_GetFunctionDriverEntryByInterface

.text._USB_DEVICE_FindEndpoint
                0x9d003b3c       0x88
 .text._USB_DEVICE_FindEndpoint
                0x9d003b3c       0x88 build/pic32mx_usb_sk2_int_dyn/production/_ext/692885480/usb_device.o
                0x9d003b3c                _USB_DEVICE_FindEndpoint

.text.DRV_USBFS_Tasks_ISR
                0x9d003bc4       0x84
 .text.DRV_USBFS_Tasks_ISR
                0x9d003bc4       0x84 build/pic32mx_usb_sk2_int_dyn/production/_ext/1585079243/drv_usbfs.o
                0x9d003bc4                DRV_USBFS_Tasks_ISR

.text.DRV_USBFS_DEVICE_Attach
                0x9d003c48       0x84
 .text.DRV_USBFS_DEVICE_Attach
                0x9d003c48       0x84 build/pic32mx_usb_sk2_int_dyn/production/_ext/1585079243/drv_usbfs_device.o
                0x9d003c48                DRV_USBFS_DEVICE_Attach

.text.USB_DEVICE_ControlSend
                0x9d003ccc       0x84
 .text.USB_DEVICE_ControlSend
                0x9d003ccc       0x84 build/pic32mx_usb_sk2_int_dyn/production/_ext/692885480/usb_device.o
                0x9d003ccc                USB_DEVICE_ControlSend

.text.USB_DEVICE_ControlStatus
                0x9d003d50       0x7c
 .text.USB_DEVICE_ControlStatus
                0x9d003d50       0x7c build/pic32mx_usb_sk2_int_dyn/production/_ext/692885480/usb_device.o
                0x9d003d50                USB_DEVICE_ControlStatus

.text.DRV_USBFS_ClientEventCallBackSet
                0x9d003dcc       0x78
 .text.DRV_USBFS_ClientEventCallBackSet
                0x9d003dcc       0x78 build/pic32mx_usb_sk2_int_dyn/production/_ext/1585079243/drv_usbfs.o
                0x9d003dcc                DRV_USBFS_ClientEventCallBackSet

.text.DRV_USBFS_DEVICE_Detach
                0x9d003e44       0x6c
 .text.DRV_USBFS_DEVICE_Detach
                0x9d003e44       0x6c build/pic32mx_usb_sk2_int_dyn/production/_ext/1585079243/drv_usbfs_device.o
                0x9d003e44                DRV_USBFS_DEVICE_Detach

.text._DRV_USBFS_DEVICE_IRPQueueFlush
                0x9d003eb0       0x68
 .text._DRV_USBFS_DEVICE_IRPQueueFlush
                0x9d003eb0       0x68 build/pic32mx_usb_sk2_int_dyn/production/_ext/1585079243/drv_usbfs_device.o
                0x9d003eb0                _DRV_USBFS_DEVICE_IRPQueueFlush

.text.SYS_DEVCON_PerformanceConfig
                0x9d003f18       0x60
 .text.SYS_DEVCON_PerformanceConfig
                0x9d003f18       0x60 build/pic32mx_usb_sk2_int_dyn/production/_ext/912498863/sys_devcon_pic32mx.o
                0x9d003f18                SYS_DEVCON_PerformanceConfig

.text.SYS_CLK_Initialize
                0x9d003f78       0x58
 .text.SYS_CLK_Initialize
                0x9d003f78       0x58 build/pic32mx_usb_sk2_int_dyn/production/_ext/102310384/sys_clk_static.o
                0x9d003f78                SYS_CLK_Initialize

.text.SYS_DEVCON_SystemUnlock
                0x9d003fd0       0x58
 .text.SYS_DEVCON_SystemUnlock
                0x9d003fd0       0x58 build/pic32mx_usb_sk2_int_dyn/production/_ext/912498863/sys_devcon.o
                0x9d003fd0                SYS_DEVCON_SystemUnlock

.text.SYS_INT_SourceDisable
                0x9d004028       0x58
 .text.SYS_INT_SourceDisable
                0x9d004028       0x58 build/pic32mx_usb_sk2_int_dyn/production/_ext/711155467/sys_int_pic32.o
                0x9d004028                SYS_INT_SourceDisable

.text.USB_DEVICE_EventHandlerSet
                0x9d004080       0x58
 .text.USB_DEVICE_EventHandlerSet
                0x9d004080       0x58 build/pic32mx_usb_sk2_int_dyn/production/_ext/692885480/usb_device.o
                0x9d004080                USB_DEVICE_EventHandlerSet

.text.main_entry
                0x9d0040d8       0x54
 .text.main_entry
                0x9d0040d8       0x54 /Applications/microchip/xc32/v1.40/bin/bin/../../lib/gcc/pic32mx/4.8.3/../../../../pic32mx/lib/./proc/32MX250F128B/crt0_mips32r2.o
                0x9d00410c                __crt0_exit

.text.DRV_USBFS_Open
                0x9d00412c       0x54
 .text.DRV_USBFS_Open
                0x9d00412c       0x54 build/pic32mx_usb_sk2_int_dyn/production/_ext/1585079243/drv_usbfs.o
                0x9d00412c                DRV_USBFS_Open

.text.USB_DEVICE_Open
                0x9d004180       0x50
 .text.USB_DEVICE_Open
                0x9d004180       0x50 build/pic32mx_usb_sk2_int_dyn/production/_ext/692885480/usb_device.o
                0x9d004180                USB_DEVICE_Open

.text.DRV_USBFS_DEVICE_SOFNumberGet
                0x9d0041d0       0x4c
 .text.DRV_USBFS_DEVICE_SOFNumberGet
                0x9d0041d0       0x4c build/pic32mx_usb_sk2_int_dyn/production/_ext/1585079243/drv_usbfs_device.o
                0x9d0041d0                DRV_USBFS_DEVICE_SOFNumberGet

.text._USB_DEVICE_RedirectControlXfrToClient
                0x9d00421c       0x4c
 .text._USB_DEVICE_RedirectControlXfrToClient
                0x9d00421c       0x4c build/pic32mx_usb_sk2_int_dyn/production/_ext/692885480/usb_device.o
                0x9d00421c                _USB_DEVICE_RedirectControlXfrToClient

.text.USB_DEVICE_HID_EventHandlerSet
                0x9d004268       0x4c
 .text.USB_DEVICE_HID_EventHandlerSet
                0x9d004268       0x4c build/pic32mx_usb_sk2_int_dyn/production/_ext/692885480/usb_device_hid.o
                0x9d004268                USB_DEVICE_HID_EventHandlerSet

.text.SYS_DEVCON_SystemLock
                0x9d0042b4       0x48
 .text.SYS_DEVCON_SystemLock
                0x9d0042b4       0x48 build/pic32mx_usb_sk2_int_dyn/production/_ext/912498863/sys_devcon.o
                0x9d0042b4                SYS_DEVCON_SystemLock

.text._bootstrap_exception_handler
                0x9d0042fc       0x48
 .text._bootstrap_exception_handler
                0x9d0042fc       0x48 /Applications/microchip/xc32/v1.40/bin/bin/../../lib/gcc/pic32mx/4.8.3/../../../../pic32mx/lib/libpic32.a(default-bootstrap-exception-handler.o)
                0x9d0042fc                _bootstrap_exception_handler

.vector_default
                0x9d004344       0x48
 .vector_default
                0x9d004344       0x48 /Applications/microchip/xc32/v1.40/bin/bin/../../lib/gcc/pic32mx/4.8.3/../../../../pic32mx/lib/libpic32.a(defaultinterrupt.o)
                0x9d004344                _DefaultInterrupt

.text.SYS_Tasks
                0x9d00438c       0x44
 .text.SYS_Tasks
                0x9d00438c       0x44 build/pic32mx_usb_sk2_int_dyn/production/_ext/1774247193/system_tasks.o
                0x9d00438c                SYS_Tasks

.text.DRV_USBFS_DEVICE_EndpointIsEnabled
                0x9d0043d0       0x44
 .text.DRV_USBFS_DEVICE_EndpointIsEnabled
                0x9d0043d0       0x44 build/pic32mx_usb_sk2_int_dyn/production/_ext/1585079243/drv_usbfs_device.o
                0x9d0043d0                DRV_USBFS_DEVICE_EndpointIsEnabled

.text.DRV_USBFS_DEVICE_EndpointIsStalled
                0x9d004414       0x44
 .text.DRV_USBFS_DEVICE_EndpointIsStalled
                0x9d004414       0x44 build/pic32mx_usb_sk2_int_dyn/production/_ext/1585079243/drv_usbfs_device.o
                0x9d004414                DRV_USBFS_DEVICE_EndpointIsStalled

.text           0x9d004458       0x44
 .text          0x9d004458       0x44 /Applications/microchip/xc32/v1.40/bin/bin/../../lib/gcc/pic32mx/4.8.3/../../../../pic32mx/lib/pic32_software_reset.o
                0x9d004458                __pic32_software_reset

.text._general_exception_handler
                0x9d00449c       0x40
 .text._general_exception_handler
                0x9d00449c       0x40 build/pic32mx_usb_sk2_int_dyn/production/_ext/1774247193/system_exceptions.o
                0x9d00449c                _general_exception_handler

.text._DRV_USBFS_DEVICE_Initialize
                0x9d0044dc       0x3c
 .text._DRV_USBFS_DEVICE_Initialize
                0x9d0044dc       0x3c build/pic32mx_usb_sk2_int_dyn/production/_ext/1585079243/drv_usbfs_device.o
                0x9d0044dc                _DRV_USBFS_DEVICE_Initialize

.text.DRV_USBFS_DEVICE_AddressSet
                0x9d004518       0x38
 .text.DRV_USBFS_DEVICE_AddressSet
                0x9d004518       0x38 build/pic32mx_usb_sk2_int_dyn/production/_ext/1585079243/drv_usbfs_device.o
                0x9d004518                DRV_USBFS_DEVICE_AddressSet

.text.APP_Initialize
                0x9d004550       0x34
 .text.APP_Initialize
                0x9d004550       0x34 build/pic32mx_usb_sk2_int_dyn/production/_ext/1360937237/app.o
                0x9d004550                APP_Initialize

.text.DRV_USBFS_DEVICE_RemoteWakeupStart
                0x9d004584       0x2c
 .text.DRV_USBFS_DEVICE_RemoteWakeupStart
                0x9d004584       0x2c build/pic32mx_usb_sk2_int_dyn/production/_ext/1585079243/drv_usbfs_device.o
                0x9d004584                DRV_USBFS_DEVICE_RemoteWakeupStart

.text.DRV_USBFS_DEVICE_RemoteWakeupStop
                0x9d0045b0       0x2c
 .text.DRV_USBFS_DEVICE_RemoteWakeupStop
                0x9d0045b0       0x2c build/pic32mx_usb_sk2_int_dyn/production/_ext/1585079243/drv_usbfs_device.o
                0x9d0045b0                DRV_USBFS_DEVICE_RemoteWakeupStop

.text.DRV_USBFS_Close
                0x9d0045dc       0x28
 .text.DRV_USBFS_Close
                0x9d0045dc       0x28 build/pic32mx_usb_sk2_int_dyn/production/_ext/1585079243/drv_usbfs.o
                0x9d0045dc                DRV_USBFS_Close

.text._USB_DEVICE_ClientHandleValidate
                0x9d004604       0x28
 .text._USB_DEVICE_ClientHandleValidate
                0x9d004604       0x28 build/pic32mx_usb_sk2_int_dyn/production/_ext/692885480/usb_device.o
                0x9d004604                _USB_DEVICE_ClientHandleValidate

.text.MOUSE_ReportCreate
                0x9d00462c       0x24
 .text.MOUSE_ReportCreate
                0x9d00462c       0x24 build/pic32mx_usb_sk2_int_dyn/production/_ext/1360937237/mouse.o
                0x9d00462c                MOUSE_ReportCreate

.text.main      0x9d004650       0x20
 .text.main     0x9d004650       0x20 build/pic32mx_usb_sk2_int_dyn/production/_ext/1360937237/main.o
                0x9d004650                main

.text._USB_DEVICE_HID_GlobalInitialize
                0x9d004670       0x20
 .text._USB_DEVICE_HID_GlobalInitialize
                0x9d004670       0x20 build/pic32mx_usb_sk2_int_dyn/production/_ext/692885480/usb_device_hid.o
                0x9d004670                _USB_DEVICE_HID_GlobalInitialize

.text.BSP_SwitchStateGet
                0x9d004690       0x1c
 .text.BSP_SwitchStateGet
                0x9d004690       0x1c build/pic32mx_usb_sk2_int_dyn/production/_ext/1979166340/bsp_sys_init.o
                0x9d004690                BSP_SwitchStateGet

.text.SYS_DEVCON_JTAGEnable
                0x9d0046ac       0x18
 .text.SYS_DEVCON_JTAGEnable
                0x9d0046ac       0x18 build/pic32mx_usb_sk2_int_dyn/production/_ext/912498863/sys_devcon.o
                0x9d0046ac                SYS_DEVCON_JTAGEnable

.text.SYS_INT_Initialize
                0x9d0046c4       0x18
 .text.SYS_INT_Initialize
                0x9d0046c4       0x18 build/pic32mx_usb_sk2_int_dyn/production/_ext/711155467/sys_int_pic32.o
                0x9d0046c4                SYS_INT_Initialize

.text           0x9d0046dc       0x18
 .text          0x9d0046dc       0x18 /Applications/microchip/xc32/v1.40/bin/bin/../../lib/gcc/pic32mx/4.8.3/../../../../pic32mx/lib/libpic32.a(default-nmi-handler.o)
                0x9d0046dc                _nmi_handler

.text.SYS_DEVCON_Initialize
                0x9d0046f4       0x14
 .text.SYS_DEVCON_Initialize
                0x9d0046f4       0x14 build/pic32mx_usb_sk2_int_dyn/production/_ext/912498863/sys_devcon.o
                0x9d0046f4                SYS_DEVCON_Initialize

.rodata         0x9d004708       0x14
 .rodata        0x9d004708       0x14 build/pic32mx_usb_sk2_int_dyn/production/_ext/692885480/usb_device_hid.o
                0x9d004708                hidFuncDriver

.text.DRV_USBFS_DEVICE_CurrentSpeedGet
                0x9d00471c       0x10
 .text.DRV_USBFS_DEVICE_CurrentSpeedGet
                0x9d00471c       0x10 build/pic32mx_usb_sk2_int_dyn/production/_ext/1585079243/drv_usbfs_device.o
                0x9d00471c                DRV_USBFS_DEVICE_CurrentSpeedGet

.text.SYS_CLK_SystemFrequencyGet
                0x9d00472c        0xc
 .text.SYS_CLK_SystemFrequencyGet
                0x9d00472c        0xc build/pic32mx_usb_sk2_int_dyn/production/_ext/102310384/sys_clk_static.o
                0x9d00472c                SYS_CLK_SystemFrequencyGet

.text.SYS_PORTS_Initialize
                0x9d004738        0x8
 .text.SYS_PORTS_Initialize
                0x9d004738        0x8 build/pic32mx_usb_sk2_int_dyn/production/_ext/1956551008/sys_ports_static.o
                0x9d004738                SYS_PORTS_Initialize

.rodata         0x9d004740        0x8
 .rodata        0x9d004740        0x8 build/pic32mx_usb_sk2_int_dyn/production/_ext/1360937237/app.o

.text.BSP_Initialize
                0x9d004748        0x8
 .text.BSP_Initialize
                0x9d004748        0x8 build/pic32mx_usb_sk2_int_dyn/production/_ext/1979166340/bsp_sys_init.o
                0x9d004748                BSP_Initialize

.text.DRV_USBFS_Tasks
                0x9d004750        0x8
 .text.DRV_USBFS_Tasks
                0x9d004750        0x8 build/pic32mx_usb_sk2_int_dyn/production/_ext/1585079243/drv_usbfs.o
                0x9d004750                DRV_USBFS_Tasks

.text.SYS_DEVCON_Tasks